<html>
<body>
<pre>
<h1>礦ision Build Log</h1>
<h2>Tool Versions:</h2>
IDE-Version: μVision V5.14.0.0
Copyright (C) 2015 ARM Ltd and ARM Germany GmbH. All rights reserved.
License Information: chenjiean chenjeian, arfdfs, LIC=MGX8T-RNMEW-C1MPU-S4SYX-LD2AI-N2K50
 
Tool Versions:
Toolchain:       MDK-ARM Professional  Version: 5.14.0.0
Toolchain Path:  D:\MDK5\ARM\ARMCC\Bin
C Compiler:      Armcc.exe V5.05 update 1 (build 106)
Assembler:       Armasm.exe V5.05 update 1 (build 106)
Linker/Locator:  ArmLink.exe V5.05 update 1 (build 106)
Library Manager: ArmAr.exe V5.05 update 1 (build 106)
Hex Converter:   FromElf.exe V5.05 update 1 (build 106)
CPU DLL:         SARMCM3.DLL V5.14.0.0
Dialog DLL:      DARMSTM.DLL V1.65.0.0
Target DLL:      CMSIS_AGDI.dll V1.21.0.0
Dialog DLL:      TARMSTM.DLL V1.64.0.0
 
<h2>Project:</h2>
C:\Users\59201\Desktop\备赛\USER\KEY.uvprojx
Project File Date:  08/08/2019

<h2>Output:</h2>
Build target 'KEY'
compiling anjian.c...
..\HARDWARE\ANJIAN\anjian.h(5): warning:  #1295-D: Deprecated declaration getDistnce - give arg types
  double getDistnce();
..\HARDWARE\ANJIAN\anjian.h(6): warning:  #1295-D: Deprecated declaration getAngle - give arg types
  double getAngle();
..\HARDWARE\ANJIAN\anjian.c(11): warning:  #1295-D: Deprecated declaration autoFire1 - give arg types
  void autoFire1();
..\HARDWARE\ANJIAN\anjian.c(13): warning:  #1295-D: Deprecated declaration autoFire2 - give arg types
  void autoFire2();
..\HARDWARE\ANJIAN\anjian.c: 4 warnings, 0 errors
linking...
Program Size: Code=15852 RO-data=2408 RW-data=1172 ZI-data=2660  
FromELF: creating hex file...
"..\OBJ\KEY.axf" - 0 Error(s), 4 Warning(s).

<h2>Collection of Component include folders:</h2>
  C:\Users\59201\Desktop\备赛\USER\RTE
  D:\MDK5\ARM\PACK\Keil\STM32F1xx_DFP\1.0.5\Device\Include

<h2>Collection of Component Files used:</h2>
</pre>
</body>
</html>
