Component: ARM Compiler 5.05 update 1 (build 106) Tool: armlink [4d0efa]

==============================================================================

Section Cross References

    main.o(.text) refers to oled.o(.text) for OLED_ShowCHinese
    main.o(.text) refers to dfixu.o(x$fpl$dfixu) for __aeabi_d2uiz
    main.o(.text) refers to anjian.o(.text) for getDistnce
    main.o(.text) refers to misc.o(.text) for NVIC_PriorityGroupConfig
    main.o(.text) refers to delay.o(.text) for delay_init
    main.o(.text) refers to openmv.o(.text) for UsartInit1
    main.o(.text) refers to timer.o(.text) for TIM3_PWM_Init
    system_stm32f10x.o(.text) refers to system_stm32f10x.o(.data) for SystemCoreClock
    led.o(.text) refers to stm32f10x_rcc.o(.text) for RCC_APB2PeriphClockCmd
    led.o(.text) refers to stm32f10x_gpio.o(.text) for GPIO_Init
    beep.o(.text) refers to stm32f10x_rcc.o(.text) for RCC_APB2PeriphClockCmd
    beep.o(.text) refers to stm32f10x_gpio.o(.text) for GPIO_Init
    key.o(.text) refers to stm32f10x_rcc.o(.text) for RCC_APB2PeriphClockCmd
    key.o(.text) refers to stm32f10x_gpio.o(.text) for GPIO_Init
    key.o(.text) refers to delay.o(.text) for delay_ms
    key.o(.text) refers to key.o(.data) for key_up
    exti.o(.text) refers to key.o(.text) for KEY_Init
    exti.o(.text) refers to stm32f10x_rcc.o(.text) for RCC_APB2PeriphClockCmd
    exti.o(.text) refers to stm32f10x_gpio.o(.text) for GPIO_EXTILineConfig
    exti.o(.text) refers to stm32f10x_exti.o(.text) for EXTI_Init
    exti.o(.text) refers to misc.o(.text) for NVIC_Init
    wdg.o(.text) refers to stm32f10x_iwdg.o(.text) for IWDG_WriteAccessCmd
    wdg.o(.text) refers to stm32f10x_rcc.o(.text) for RCC_APB1PeriphClockCmd
    wdg.o(.text) refers to stm32f10x_wwdg.o(.text) for WWDG_SetPrescaler
    wdg.o(.text) refers to misc.o(.text) for NVIC_Init
    wdg.o(.text) refers to wdg.o(.data) for WWDG_CNT
    timer.o(.text) refers to stm32f10x_rcc.o(.text) for RCC_APB1PeriphClockCmd
    timer.o(.text) refers to stm32f10x_tim.o(.text) for TIM_TimeBaseInit
    timer.o(.text) refers to misc.o(.text) for NVIC_Init
    timer.o(.text) refers to stm32f10x_gpio.o(.text) for GPIO_PinRemapConfig
    timer.o(.text) refers to timer.o(.data) for TIM5CH1_CAPTURE_STA
    hc-sr04.o(.text) refers to delay.o(.text) for delay_us
    hc-sr04.o(.text) refers to dflt_clz.o(x$fpl$dfltu) for __aeabi_ui2d
    hc-sr04.o(.text) refers to dmul.o(x$fpl$dmul) for __aeabi_dmul
    hc-sr04.o(.text) refers to ddiv.o(x$fpl$ddiv) for __aeabi_ddiv
    hc-sr04.o(.text) refers to dfixu.o(x$fpl$dfixu) for __aeabi_d2uiz
    hc-sr04.o(.text) refers to oled.o(.text) for OLED_ShowNum
    hc-sr04.o(.text) refers to stm32f10x_rcc.o(.text) for RCC_APB2PeriphClockCmd
    hc-sr04.o(.text) refers to stm32f10x_gpio.o(.text) for GPIO_Init
    hc-sr04.o(.text) refers to timer.o(.text) for TIME3_Init
    hc-sr04.o(.text) refers to stm32f10x_tim.o(.text) for TIM_Cmd
    hc-sr04.o(.text) refers to hc-sr04.o(.data) for time
    oled.o(.text) refers to stm32f10x_rcc.o(.text) for RCC_APB2PeriphClockCmd
    oled.o(.text) refers to stm32f10x_gpio.o(.text) for GPIO_Init
    oled.o(.text) refers to delay.o(.text) for delay_us
    oled.o(.text) refers to oled.o(.bss) for OLED_GRAM
    oled.o(.text) refers to oled.o(.constdata) for F8X16
    oled.o(.text) refers to oled.o(.data) for Hzk
    mpu6050.o(.text) refers to delay.o(.text) for delay_us
    mpu6050.o(.text) refers to stm32f10x_rcc.o(.text) for RCC_APB2PeriphClockCmd
    mpu6050.o(.text) refers to stm32f10x_gpio.o(.text) for GPIO_Init
    mpu6050.o(.text) refers to dflt_clz.o(x$fpl$dflt) for __aeabi_i2d
    mpu6050.o(.text) refers to ddiv.o(x$fpl$ddiv) for __aeabi_ddiv
    mpu6050.o(.text) refers to daddsub_clz.o(x$fpl$dadd) for __aeabi_dadd
    mpu6050.o(.text) refers to d2f.o(x$fpl$d2f) for __aeabi_d2f
    mpu6050.o(.text) refers to fmul.o(x$fpl$fmul) for __aeabi_fmul
    mpu6050.o(.text) refers to ffix.o(x$fpl$ffix) for __aeabi_f2iz
    mpu6050.o(.text) refers to acos.o(i.acos) for acos
    mpu6050.o(.text) refers to dmul.o(x$fpl$dmul) for __aeabi_dmul
    openmv.o(.text) refers to stm32f10x_rcc.o(.text) for RCC_APB2PeriphClockCmd
    openmv.o(.text) refers to stm32f10x_gpio.o(.text) for GPIO_Init
    openmv.o(.text) refers to stm32f10x_usart.o(.text) for USART_Init
    openmv.o(.text) refers to misc.o(.text) for NVIC_Init
    openmv.o(.text) refers to dmul.o(x$fpl$dmul) for __aeabi_dmul
    openmv.o(.text) refers to daddsub_clz.o(x$fpl$dadd) for __aeabi_dadd
    openmv.o(.text) refers to drleqf.o(x$fpl$drleqf) for __aeabi_cdrcmple
    openmv.o(.text) refers to dfixu.o(x$fpl$dfixu) for __aeabi_d2uiz
    openmv.o(.text) refers to stm32f10x_tim.o(.text) for TIM_SetCompare2
    openmv.o(.text) refers to daddsub_clz.o(x$fpl$dsub) for __aeabi_dsub
    openmv.o(.text) refers to dleqf.o(x$fpl$dleqf) for __aeabi_cdcmple
    openmv.o(.text) refers to dflt_clz.o(x$fpl$dflt) for __aeabi_i2d
    openmv.o(.text) refers to openmv.o(.data) for MotorAngle
[...]
    rtexit.o(.ARM.exidx) refers (Special) to rtexit2.o(.ARM.Collect$$rtexit$$00000004) for __rt_exit_exit
    rtexit.o(.ARM.exidx) refers (Special) to rtexit2.o(.ARM.Collect$$rtexit$$00000003) for __rt_exit_ls
    rtexit.o(.ARM.exidx) refers (Special) to rtexit2.o(.ARM.Collect$$rtexit$$00000002) for __rt_exit_prels_1
    rtexit.o(.ARM.exidx) refers to rtexit.o(.ARM.Collect$$rtexit$$00000000) for .ARM.Collect$$rtexit$$00000000
    libinit2.o(.ARM.Collect$$libinit$$00000010) refers to libinit2.o(.ARM.Collect$$libinit$$0000000F) for .ARM.Collect$$libinit$$0000000F
    libinit2.o(.ARM.Collect$$libinit$$00000012) refers to libinit2.o(.ARM.Collect$$libinit$$0000000F) for .ARM.Collect$$libinit$$0000000F
    libinit2.o(.ARM.Collect$$libinit$$00000014) refers to libinit2.o(.ARM.Collect$$libinit$$0000000F) for .ARM.Collect$$libinit$$0000000F
    libinit2.o(.ARM.Collect$$libinit$$00000016) refers to libinit2.o(.ARM.Collect$$libinit$$0000000F) for .ARM.Collect$$libinit$$0000000F
    libinit2.o(.ARM.Collect$$libinit$$00000018) refers to libinit2.o(.ARM.Collect$$libinit$$0000000F) for .ARM.Collect$$libinit$$0000000F
    libinit2.o(.ARM.Collect$$libinit$$00000026) refers to argv_veneer.o(.emb_text) for __ARM_argv_veneer
    libinit2.o(.ARM.Collect$$libinit$$00000027) refers to argv_veneer.o(.emb_text) for __ARM_argv_veneer
    trapv.o(x$fpl$trapveneer) refers (Special) to usenofp.o(x$fpl$usenofp) for __I$use$fp
    rtexit2.o(.ARM.Collect$$rtexit$$00000003) refers to libshutdown.o(.ARM.Collect$$libshutdown$$00000000) for __rt_lib_shutdown
    rtexit2.o(.ARM.Collect$$rtexit$$00000004) refers to sys_exit.o(.text) for _sys_exit
    rtexit2.o(.ARM.exidx) refers to rtexit2.o(.ARM.Collect$$rtexit$$00000001) for .ARM.Collect$$rtexit$$00000001
    rtexit2.o(.ARM.exidx) refers to rtexit2.o(.ARM.Collect$$rtexit$$00000003) for .ARM.Collect$$rtexit$$00000003
    rtexit2.o(.ARM.exidx) refers to rtexit2.o(.ARM.Collect$$rtexit$$00000004) for .ARM.Collect$$rtexit$$00000004
    argv_veneer.o(.emb_text) refers to no_argv.o(.text) for __ARM_get_argv
    sys_exit.o(.text) refers (Special) to use_no_semi.o(.text) for __I$use$semihosting
    sys_exit.o(.text) refers (Special) to indicate_semi.o(.text) for __semihosting_library_function
    _get_argv_nomalloc.o(.text) refers (Special) to hrguard.o(.text) for __heap_region$guard
    _get_argv_nomalloc.o(.text) refers to defsig_rtmem_outer.o(.text) for __rt_SIGRTMEM
    _get_argv_nomalloc.o(.text) refers to sys_command.o(.text) for _sys_command_string
    libshutdown.o(.ARM.Collect$$libshutdown$$00000000) refers (Special) to libshutdown2.o(.ARM.Collect$$libshutdown$$00000006) for __rt_lib_shutdown_fp_trap_1
    libshutdown.o(.ARM.Collect$$libshutdown$$00000000) refers (Special) to libshutdown2.o(.ARM.Collect$$libshutdown$$0000000E) for __rt_lib_shutdown_heap_1
    libshutdown.o(.ARM.Collect$$libshutdown$$00000000) refers (Special) to libshutdown2.o(.ARM.Collect$$libshutdown$$0000000F) for __rt_lib_shutdown_return
    libshutdown.o(.ARM.Collect$$libshutdown$$00000000) refers (Special) to libshutdown2.o(.ARM.Collect$$libshutdown$$00000009) for __rt_lib_shutdown_signal_1
    libshutdown.o(.ARM.Collect$$libshutdown$$00000000) refers (Special) to libshutdown2.o(.ARM.Collect$$libshutdown$$00000003) for __rt_lib_shutdown_stdio_1
    libshutdown.o(.ARM.Collect$$libshutdown$$00000000) refers (Special) to libshutdown2.o(.ARM.Collect$$libshutdown$$0000000B) for __rt_lib_shutdown_user_alloc_1
    sys_command.o(.text) refers (Special) to use_no_semi.o(.text) for __I$use$semihosting
    sys_command.o(.text) refers (Special) to indicate_semi.o(.text) for __semihosting_library_function
    defsig_rtmem_outer.o(.text) refers to defsig_rtmem_inner.o(.text) for __rt_SIGRTMEM_inner
    defsig_rtmem_outer.o(.text) refers to defsig_exit.o(.text) for __sig_exit
    defsig_rtmem_formal.o(.text) refers to rt_raise.o(.text) for __rt_raise
    rt_raise.o(.text) refers to __raise.o(.text) for __raise
    rt_raise.o(.text) refers to sys_exit.o(.text) for _sys_exit
    defsig_exit.o(.text) refers to sys_exit.o(.text) for _sys_exit
    defsig_rtmem_inner.o(.text) refers to defsig_general.o(.text) for __default_signal_display
    __raise.o(.text) refers to defsig.o(CL$$defsig) for __default_signal_handler
    defsig_general.o(.text) refers to sys_wrch.o(.text) for _ttywrch
    sys_wrch.o(.text) refers (Special) to use_no_semi.o(.text) for __I$use$semihosting
    sys_wrch.o(.text) refers (Special) to indicate_semi.o(.text) for __semihosting_library_function
    defsig.o(CL$$defsig) refers to defsig_rtmem_inner.o(.text) for __rt_SIGRTMEM_inner
    defsig_abrt_inner.o(.text) refers to defsig_general.o(.text) for __default_signal_display
    defsig_fpe_inner.o(.text) refers to defsig_general.o(.text) for __default_signal_display
    defsig_rtred_inner.o(.text) refers to defsig_general.o(.text) for __default_signal_display
    defsig_stak_inner.o(.text) refers to defsig_general.o(.text) for __default_signal_display
    defsig_pvfn_inner.o(.text) refers to defsig_general.o(.text) for __default_signal_display
    defsig_cppl_inner.o(.text) refers to defsig_general.o(.text) for __default_signal_display
    defsig_segv_inner.o(.text) refers to defsig_general.o(.text) for __default_signal_display
    defsig_other.o(.text) refers to defsig_general.o(.text) for __default_signal_display


==============================================================================

Removing Unused input sections from the image.

    Removing led.o(.text), (76 bytes).
    Removing beep.o(.text), (56 bytes).
    Removing key.o(.text), (252 bytes).
    Removing key.o(.data), (1 bytes).
    Removing exti.o(.text), (290 bytes).
    Removing mpu6050.o(.text), (1884 bytes).
    Removing openmv.o(.constdata), (40 bytes).
    Removing sys.o(.emb_text), (6 bytes).
    Removing sys.o(.text), (12 bytes).
    Removing core_cm3.o(.emb_text), (32 bytes).
    Removing stm32f10x_adc.o(.text), (1102 bytes).
    Removing stm32f10x_bkp.o(.text), (196 bytes).
    Removing stm32f10x_can.o(.text), (2544 bytes).
    Removing stm32f10x_cec.o(.text), (288 bytes).
    Removing stm32f10x_crc.o(.text), (72 bytes).
    Removing stm32f10x_dac.o(.text), (396 bytes).
    Removing stm32f10x_dbgmcu.o(.text), (48 bytes).
    Removing stm32f10x_dma.o(.text), (596 bytes).
    Removing stm32f10x_flash.o(.text), (1468 bytes).
    Removing stm32f10x_fsmc.o(.text), (1548 bytes).
    Removing stm32f10x_i2c.o(.text), (1028 bytes).
    Removing stm32f10x_pwr.o(.text), (204 bytes).
    Removing stm32f10x_rtc.o(.text), (328 bytes).
    Removing stm32f10x_sdio.o(.text), (468 bytes).
    Removing stm32f10x_spi.o(.text), (780 bytes).

25 unused section(s) (total 13715 bytes) removed from the image.

==============================================================================

Image Symbol Table

    Local Symbols

    Symbol Name                              Value     Ov Type        Size  Object(Section)

    ../clib/angel/boardlib.s                 0x00000000   Number         0  boardinit1.o ABSOLUTE
    ../clib/angel/boardlib.s                 0x00000000   Number         0  boardinit2.o ABSOLUTE
    ../clib/angel/boardlib.s                 0x00000000   Number         0  boardshut.o ABSOLUTE
    ../clib/angel/boardlib.s                 0x00000000   Number         0  boardinit3.o ABSOLUTE
    ../clib/angel/dczerorl2.s                0x00000000   Number         0  __dczerorl2.o ABSOLUTE
    ../clib/angel/handlers.s                 0x00000000   Number         0  __scatter_zi.o ABSOLUTE
    ../clib/angel/kernel.s                   0x00000000   Number         0  __rtentry2.o ABSOLUTE
    ../clib/angel/kernel.s                   0x00000000   Number         0  rtexit.o ABSOLUTE
    ../clib/angel/kernel.s                   0x00000000   Number         0  __rtentry.o ABSOLUTE
    ../clib/angel/kernel.s                   0x00000000   Number         0  __rtentry4.o ABSOLUTE
    ../clib/angel/kernel.s                   0x00000000   Number         0  rtexit2.o ABSOLUTE
    ../clib/angel/rt.s                       0x00000000   Number         0  rt_raise.o ABSOLUTE
    ../clib/angel/rt.s                       0x00000000   Number         0  rt_errno_addr.o ABSOLUTE
    ../clib/angel/rt.s                       0x00000000   Number         0  rt_errno_addr_intlibspace.o ABSOLUTE
    ../clib/angel/scatter.s                  0x00000000   Number         0  __scatter.o ABSOLUTE
    ../clib/angel/startup.s                  0x00000000   Number         0  __main.o ABSOLUTE
    ../clib/angel/sys.s                      0x00000000   Number         0  indicate_semi.o ABSOLUTE
    ../clib/angel/sys.s                      0x00000000   Number         0  use_no_semi.o ABSOLUTE
    ../clib/angel/sys.s                      0x00000000   Number         0  libspace.o ABSOLUTE
    ../clib/angel/sys.s                      0x00000000   Number         0  sys_stackheap_outer.o ABSOLUTE
    ../clib/angel/sysapp.c                   0x00000000   Number         0  sys_wrch.o ABSOLUTE
    ../clib/angel/sysapp.c                   0x00000000   Number         0  sys_command.o ABSOLUTE
    ../clib/angel/sysapp.c                   0x00000000   Number         0  sys_exit.o ABSOLUTE
    ../clib/armsys.c                         0x00000000   Number         0  no_argv.o ABSOLUTE
    ../clib/armsys.c                         0x00000000   Number         0  _get_argv_nomalloc.o ABSOLUTE
    ../clib/armsys.c                         0x00000000   Number         0  argv_veneer.o ABSOLUTE
    ../clib/armsys.c                         0x00000000   Number         0  argv_veneer.o ABSOLUTE
    ../clib/fenv.c                           0x00000000   Number         0  _rserrno.o ABSOLUTE
    ../clib/heapalloc.c                      0x00000000   Number         0  hrguard.o ABSOLUTE
    ../clib/heapaux.c                        0x00000000   Number         0  heapauxi.o ABSOLUTE
    ../clib/libinit.s                        0x00000000   Number         0  libshutdown.o ABSOLUTE
    ../clib/libinit.s                        0x00000000   Number         0  libshutdown2.o ABSOLUTE
    ../clib/libinit.s                        0x00000000   Number         0  libinit.o ABSOLUTE
    ../clib/libinit.s                        0x00000000   Number         0  libinit2.o ABSOLUTE
    ../clib/signal.c                         0x00000000   Number         0  defsig_rtred_inner.o ABSOLUTE
    ../clib/signal.c                         0x00000000   Number         0  defsig_pvfn_inner.o ABSOLUTE
    ../clib/signal.c                         0x00000000   Number         0  defsig_abrt_inner.o ABSOLUTE
    ../clib/signal.c                         0x00000000   Number         0  defsig_general.o ABSOLUTE
    ../clib/signal.c                         0x00000000   Number         0  defsig_rtmem_inner.o ABSOLUTE
    ../clib/signal.c                         0x00000000   Number         0  defsig_exit.o ABSOLUTE
    ../clib/signal.c                         0x00000000   Number         0  __raise.o ABSOLUTE
    ../clib/signal.c                         0x00000000   Number         0  defsig_rtmem_formal.o ABSOLUTE
    ../clib/signal.c                         0x00000000   Number         0  defsig_other.o ABSOLUTE
    ../clib/signal.c                         0x00000000   Number         0  defsig_segv_inner.o ABSOLUTE
    ../clib/signal.c                         0x00000000   Number         0  defsig_cppl_inner.o ABSOLUTE
    ../clib/signal.c                         0x00000000   Number         0  defsig_rtmem_outer.o ABSOLUTE
    ../clib/signal.c                         0x00000000   Number         0  defsig_fpe_inner.o ABSOLUTE
    ../clib/signal.c                         0x00000000   Number         0  defsig_stak_inner.o ABSOLUTE
    ../clib/signal.s                         0x00000000   Number         0  defsig.o ABSOLUTE
    ../clib/stdlib.c                         0x00000000   Number         0  exit.o ABSOLUTE
    ../fplib/d2f.s                           0x00000000   Number         0  d2f.o ABSOLUTE
    ../fplib/daddsub.s                       0x00000000   Number         0  daddsub_clz.o ABSOLUTE
    ../fplib/dcheck1.s                       0x00000000   Number         0  dcheck1.o ABSOLUTE
    ../fplib/dcmpi.s                         0x00000000   Number         0  dcmpi.o ABSOLUTE
    ../fplib/ddiv.s                          0x00000000   Number         0  ddiv.o ABSOLUTE
    ../fplib/dfixu.s                         0x00000000   Number         0  dfixu.o ABSOLUTE
    ../fplib/dflt.s                          0x00000000   Number         0  dflt_clz.o ABSOLUTE
    ../fplib/dleqf.s                         0x00000000   Number         0  dleqf.o ABSOLUTE
    ../fplib/dmul.s                          0x00000000   Number         0  dmul.o ABSOLUTE
    ../fplib/dnaninf.s                       0x00000000   Number         0  dnaninf.o ABSOLUTE
    ../fplib/dretinf.s                       0x00000000   Number         0  dretinf.o ABSOLUTE
    ../fplib/drleqf.s                        0x00000000   Number         0  drleqf.o ABSOLUTE
    ../fplib/dsqrt.s                         0x00000000   Number         0  dsqrt_noumaal.o ABSOLUTE
    ../fplib/ffix.s                          0x00000000   Number         0  ffix.o ABSOLUTE
    ../fplib/fmul.s                          0x00000000   Number         0  fmul.o ABSOLUTE
    ../fplib/fnaninf.s                       0x00000000   Number         0  fnaninf.o ABSOLUTE
    ../fplib/fpinit.s                        0x00000000   Number         0  fpinit.o ABSOLUTE
    ../fplib/fretinf.s                       0x00000000   Number         0  fretinf.o ABSOLUTE
    ../fplib/retnan.s                        0x00000000   Number         0  retnan.o ABSOLUTE
    ../fplib/scalbn.s                        0x00000000   Number         0  scalbn.o ABSOLUTE
    ../fplib/trapv.s                         0x00000000   Number         0  trapv.o ABSOLUTE
    ../fplib/usenofp.s                       0x00000000   Number         0  usenofp.o ABSOLUTE
    ../mathlib/acos.c                        0x00000000   Number         0  acos.o ABSOLUTE
    ../mathlib/acos.c                        0x00000000   Number         0  acos_x.o ABSOLUTE
    ../mathlib/dunder.c                      0x00000000   Number         0  dunder.o ABSOLUTE
    ../mathlib/poly.c                        0x00000000   Number         0  poly.o ABSOLUTE
    ../mathlib/sqrt.c                        0x00000000   Number         0  sqrt.o ABSOLUTE
    ../mathlib/sqrt.c                        0x00000000   Number         0  sqrt_x.o ABSOLUTE
    ..\CORE\core_cm3.c                       0x00000000   Number         0  core_cm3.o ABSOLUTE
    ..\CORE\startup_stm32f10x_hd.s           0x00000000   Number         0  startup_stm32f10x_hd.o ABSOLUTE
    ..\HARDWARE\ANJIAN\anjian.c              0x00000000   Number         0  anjian.o ABSOLUTE
    ..\HARDWARE\BEEP\beep.c                  0x00000000   Number         0  beep.o ABSOLUTE
    ..\HARDWARE\EXTI\exti.c                  0x00000000   Number         0  exti.o ABSOLUTE
    ..\HARDWARE\HC-SR04\hc-sr04.c            0x00000000   Number         0  hc-sr04.o ABSOLUTE
    ..\HARDWARE\KEY\key.c                    0x00000000   Number         0  key.o ABSOLUTE
    ..\HARDWARE\LED\led.c                    0x00000000   Number         0  led.o ABSOLUTE
    ..\HARDWARE\MPU6050\mpu6050.c            0x00000000   Number         0  mpu6050.o ABSOLUTE
    ..\HARDWARE\OLED\oled.c                  0x00000000   Number         0  oled.o ABSOLUTE
    ..\HARDWARE\OPENMV\openmv.c              0x00000000   Number         0  openmv.o ABSOLUTE
    ..\HARDWARE\TIMER\timer.c                0x00000000   Number         0  timer.o ABSOLUTE
    ..\HARDWARE\WDG\wdg.c                    0x00000000   Number         0  wdg.o ABSOLUTE
    ..\STM32F10x_FWLib\src\misc.c            0x00000000   Number         0  misc.o ABSOLUTE
    ..\STM32F10x_FWLib\src\stm32f10x_adc.c   0x00000000   Number         0  stm32f10x_adc.o ABSOLUTE
    ..\STM32F10x_FWLib\src\stm32f10x_bkp.c   0x00000000   Number         0  stm32f10x_bkp.o ABSOLUTE
    ..\STM32F10x_FWLib\src\stm32f10x_can.c   0x00000000   Number         0  stm32f10x_can.o ABSOLUTE
    ..\STM32F10x_FWLib\src\stm32f10x_cec.c   0x00000000   Number         0  stm32f10x_cec.o ABSOLUTE
    ..\STM32F10x_FWLib\src\stm32f10x_crc.c   0x00000000   Number         0  stm32f10x_crc.o ABSOLUTE
    ..\STM32F10x_FWLib\src\stm32f10x_dac.c   0x00000000   Number         0  stm32f10x_dac.o ABSOLUTE
    ..\STM32F10x_FWLib\src\stm32f10x_dbgmcu.c 0x00000000   Number         0  stm32f10x_dbgmcu.o ABSOLUTE
    ..\STM32F10x_FWLib\src\stm32f10x_dma.c   0x00000000   Number         0  stm32f10x_dma.o ABSOLUTE
    ..\STM32F10x_FWLib\src\stm32f10x_exti.c  0x00000000   Number         0  stm32f10x_exti.o ABSOLUTE
    ..\STM32F10x_FWLib\src\stm32f10x_flash.c 0x00000000   Number         0  stm32f10x_flash.o ABSOLUTE
    ..\STM32F10x_FWLib\src\stm32f10x_fsmc.c  0x00000000   Number         0  stm32f10x_fsmc.o ABSOLUTE
    ..\STM32F10x_FWLib\src\stm32f10x_gpio.c  0x00000000   Number         0  stm32f10x_gpio.o ABSOLUTE
    ..\STM32F10x_FWLib\src\stm32f10x_i2c.c   0x00000000   Number         0  stm32f10x_i2c.o ABSOLUTE
    ..\STM32F10x_FWLib\src\stm32f10x_iwdg.c  0x00000000   Number         0  stm32f10x_iwdg.o ABSOLUTE
    ..\STM32F10x_FWLib\src\stm32f10x_pwr.c   0x00000000   Number         0  stm32f10x_pwr.o ABSOLUTE
    ..\STM32F10x_FWLib\src\stm32f10x_rcc.c   0x00000000   Number         0  stm32f10x_rcc.o ABSOLUTE
    ..\STM32F10x_FWLib\src\stm32f10x_rtc.c   0x00000000   Number         0  stm32f10x_rtc.o ABSOLUTE
    ..\STM32F10x_FWLib\src\stm32f10x_sdio.c  0x00000000   Number         0  stm32f10x_sdio.o ABSOLUTE
    ..\STM32F10x_FWLib\src\stm32f10x_spi.c   0x00000000   Number         0  stm32f10x_spi.o ABSOLUTE
    ..\STM32F10x_FWLib\src\stm32f10x_tim.c   0x00000000   Number         0  stm32f10x_tim.o ABSOLUTE
    ..\STM32F10x_FWLib\src\stm32f10x_usart.c 0x00000000   Number         0  stm32f10x_usart.o ABSOLUTE
    ..\STM32F10x_FWLib\src\stm32f10x_wwdg.c  0x00000000   Number         0  stm32f10x_wwdg.o ABSOLUTE
    ..\SYSTEM\delay\delay.c                  0x00000000   Number         0  delay.o ABSOLUTE
    ..\SYSTEM\sys\sys.c                      0x00000000   Number         0  sys.o ABSOLUTE
    ..\\CORE\\core_cm3.c                     0x00000000   Number         0  core_cm3.o ABSOLUTE
    ..\\SYSTEM\\sys\\sys.c                   0x00000000   Number         0  sys.o ABSOLUTE
    dc.s                                     0x00000000   Number         0  dc.o ABSOLUTE
    main.c                                   0x00000000   Number         0  main.o ABSOLUTE
    stm32f10x_it.c                           0x00000000   Number         0  stm32f10x_it.o ABSOLUTE
    system_stm32f10x.c                       0x00000000   Number         0  system_stm32f10x.o ABSOLUTE
    RESET                                    0x08000000   Section      304  startup_stm32f10x_hd.o(RESET)
    !!!main                                  0x08000130   Section        8  __main.o(!!!main)
    !!!scatter                               0x08000138   Section       52  __scatter.o(!!!scatter)
    !!dczerorl2                              0x0800016c   Section       90  __dczerorl2.o(!!dczerorl2)
    !!handler_zi                             0x080001c8   Section       28  __scatter_zi.o(!!handler_zi)
    .ARM.Collect$$libinit$$00000000          0x080001e4   Section        2  libinit.o(.ARM.Collect$$libinit$$00000000)
    .ARM.Collect$$libinit$$00000002          0x080001e6   Section        0  libinit2.o(.ARM.Collect$$libinit$$00000002)
    .ARM.Collect$$libinit$$00000004          0x080001e6   Section        0  libinit2.o(.ARM.Collect$$libinit$$00000004)
    .ARM.Collect$$libinit$$0000000A          0x080001e6   Section        0  libinit2.o(.ARM.Collect$$libinit$$0000000A)
    .ARM.Collect$$libinit$$0000000C          0x080001e6   Section        0  libinit2.o(.ARM.Collect$$libinit$$0000000C)
    .ARM.Collect$$libinit$$0000000E          0x080001e6   Section        0  libinit2.o(.ARM.Collect$$libinit$$0000000E)
    .ARM.Collect$$libinit$$00000011          0x080001e6   Section        0  libinit2.o(.ARM.Collect$$libinit$$00000011)
    .ARM.Collect$$libinit$$00000013          0x080001e6   Section        0  libinit2.o(.ARM.Collect$$libinit$$00000013)
    .ARM.Collect$$libinit$$00000015          0x080001e6   Section        0  libinit2.o(.ARM.Collect$$libinit$$00000015)
    .ARM.Collect$$libinit$$00000017          0x080001e6   Section        0  libinit2.o(.ARM.Collect$$libinit$$00000017)
    .ARM.Collect$$libinit$$00000019          0x080001e6   Section        0  libinit2.o(.ARM.Collect$$libinit$$00000019)
    .ARM.Collect$$libinit$$0000001B          0x080001e6   Section        0  libinit2.o(.ARM.Collect$$libinit$$0000001B)
    .ARM.Collect$$libinit$$0000001D          0x080001e6   Section        0  libinit2.o(.ARM.Collect$$libinit$$0000001D)
    .ARM.Collect$$libinit$$0000001F          0x080001e6   Section        0  libinit2.o(.ARM.Collect$$libinit$$0000001F)
    .ARM.Collect$$libinit$$00000021          0x080001e6   Section        0  libinit2.o(.ARM.Collect$$libinit$$00000021)
    .ARM.Collect$$libinit$$00000023          0x080001e6   Section        0  libinit2.o(.ARM.Collect$$libinit$$00000023)
    .ARM.Collect$$libinit$$00000025          0x080001e6   Section        0  libinit2.o(.ARM.Collect$$libinit$$00000025)
    .ARM.Collect$$libinit$$0000002C          0x080001e6   Section        0  libinit2.o(.ARM.Collect$$libinit$$0000002C)
    .ARM.Collect$$libinit$$0000002E          0x080001e6   Section        0  libinit2.o(.ARM.Collect$$libinit$$0000002E)
    .ARM.Collect$$libinit$$00000030          0x080001e6   Section        0  libinit2.o(.ARM.Collect$$libinit$$00000030)
    .ARM.Collect$$libinit$$00000032          0x080001e6   Section        0  libinit2.o(.ARM.Collect$$libinit$$00000032)
    .ARM.Collect$$libinit$$00000033          0x080001e6   Section        2  libinit2.o(.ARM.Collect$$libinit$$00000033)
    .ARM.Collect$$libshutdown$$00000000      0x080001e8   Section        2  libshutdown.o(.ARM.Collect$$libshutdown$$00000000)
    .ARM.Collect$$libshutdown$$00000003      0x080001ea   Section        0  libshutdown2.o(.ARM.Collect$$libshutdown$$00000003)
    .ARM.Collect$$libshutdown$$00000006      0x080001ea   Section        0  libshutdown2.o(.ARM.Collect$$libshutdown$$00000006)
    .ARM.Collect$$libshutdown$$00000009      0x080001ea   Section        0  libshutdown2.o(.ARM.Collect$$libshutdown$$00000009)
    .ARM.Collect$$libshutdown$$0000000B      0x080001ea   Section        0  libshutdown2.o(.ARM.Collect$$libshutdown$$0000000B)
    .ARM.Collect$$libshutdown$$0000000E      0x080001ea   Section        0  libshutdown2.o(.ARM.Collect$$libshutdown$$0000000E)
    .ARM.Collect$$libshutdown$$0000000F      0x080001ea   Section        2  libshutdown2.o(.ARM.Collect$$libshutdown$$0000000F)
    .ARM.Collect$$rtentry$$00000000          0x080001ec   Section        0  __rtentry.o(.ARM.Collect$$rtentry$$00000000)
    .ARM.Collect$$rtentry$$00000002          0x080001ec   Section        0  __rtentry2.o(.ARM.Collect$$rtentry$$00000002)
    .ARM.Collect$$rtentry$$00000004          0x080001ec   Section        6  __rtentry4.o(.ARM.Collect$$rtentry$$00000004)
    .ARM.Collect$$rtentry$$00000009          0x080001f2   Section        0  __rtentry2.o(.ARM.Collect$$rtentry$$00000009)
    .ARM.Collect$$rtentry$$0000000A          0x080001f2   Section        4  __rtentry2.o(.ARM.Collect$$rtentry$$0000000A)
    .ARM.Collect$$rtentry$$0000000C          0x080001f6   Section        0  __rtentry2.o(.ARM.Collect$$rtentry$$0000000C)
    .ARM.Collect$$rtentry$$0000000D          0x080001f6   Section        8  __rtentry2.o(.ARM.Collect$$rtentry$$0000000D)
    .ARM.Collect$$rtexit$$00000000           0x080001fe   Section        2  rtexit.o(.ARM.Collect$$rtexit$$00000000)
    .ARM.Collect$$rtexit$$00000002           0x08000200   Section        0  rtexit2.o(.ARM.Collect$$rtexit$$00000002)
    .ARM.Collect$$rtexit$$00000003           0x08000200   Section        4  rtexit2.o(.ARM.Collect$$rtexit$$00000003)
    .ARM.Collect$$rtexit$$00000004           0x08000204   Section        6  rtexit2.o(.ARM.Collect$$rtexit$$00000004)
    .text                                    0x0800020a   Section        0  main.o(.text)
    .text                                    0x080002ea   Section        0  stm32f10x_it.o(.text)
    .text                                    0x08000304   Section        0  system_stm32f10x.o(.text)
    SetSysClockTo72                          0x08000305   Thumb Code   214  system_stm32f10x.o(.text)
    SetSysClock                              0x080003db   Thumb Code     8  system_stm32f10x.o(.text)
    .text                                    0x080004e4   Section        0  wdg.o(.text)
    .text                                    0x0800059c   Section        0  timer.o(.text)
    .text                                    0x0800088c   Section        0  hc-sr04.o(.text)
    MeasureDistance                          0x080008a5   Thumb Code   110  hc-sr04.o(.text)
    .text                                    0x08000a04   Section        0  oled.o(.text)
    .text                                    0x08001170   Section        0  openmv.o(.text)
    .text                                    0x08001610   Section        0  anjian.o(.text)
    .text                                    0x08001830   Section        0  delay.o(.text)
    .text                                    0x08001904   Section       64  startup_stm32f10x_hd.o(.text)
    .text                                    0x08001944   Section        0  misc.o(.text)
    .text                                    0x08001a20   Section        0  stm32f10x_gpio.o(.text)
    .text                                    0x08001d7c   Section        0  stm32f10x_rcc.o(.text)
    .text                                    0x08002120   Section        0  stm32f10x_usart.o(.text)
    .text                                    0x08002528   Section        0  stm32f10x_exti.o(.text)
    .text                                    0x08002644   Section        0  stm32f10x_iwdg.o(.text)
    .text                                    0x08002684   Section        0  stm32f10x_tim.o(.text)
    TI4_Config                               0x08002b2b   Thumb Code   130  stm32f10x_tim.o(.text)
    TI3_Config                               0x08002bbf   Thumb Code   122  stm32f10x_tim.o(.text)
    TI2_Config                               0x08002c53   Thumb Code   130  stm32f10x_tim.o(.text)
    TI1_Config                               0x08002ce7   Thumb Code   108  stm32f10x_tim.o(.text)
    .text                                    0x080034a0   Section        0  stm32f10x_wwdg.o(.text)
    .text                                    0x08003528   Section        0  heapauxi.o(.text)
    .text                                    0x08003530   Section        8  libspace.o(.text)
    .text                                    0x08003538   Section       74  sys_stackheap_outer.o(.text)
    .text                                    0x08003582   Section        0  exit.o(.text)
    .text                                    0x08003590   Section        0  sys_exit.o(.text)
    .text                                    0x0800359c   Section        2  use_no_semi.o(.text)
    .text                                    0x0800359e   Section        0  indicate_semi.o(.text)
    x$fpl$dadd                               0x080035a0   Section      336  daddsub_clz.o(x$fpl$dadd)
    _dadd1                                   0x080035b1   Thumb Code     0  daddsub_clz.o(x$fpl$dadd)
    x$fpl$dcmpinf                            0x080036f0   Section       24  dcmpi.o(x$fpl$dcmpinf)
    x$fpl$ddiv                               0x08003708   Section      688  ddiv.o(x$fpl$ddiv)
    ddiv_entry                               0x0800370f   Thumb Code     0  ddiv.o(x$fpl$ddiv)
    x$fpl$dfixu                              0x080039b8   Section       90  dfixu.o(x$fpl$dfixu)
    x$fpl$dflt                               0x08003a12   Section       46  dflt_clz.o(x$fpl$dflt)
    x$fpl$dfltu                              0x08003a40   Section       38  dflt_clz.o(x$fpl$dfltu)
    x$fpl$dleqf                              0x08003a68   Section      120  dleqf.o(x$fpl$dleqf)
    x$fpl$dmul                               0x08003ae0   Section      340  dmul.o(x$fpl$dmul)
    x$fpl$dnaninf                            0x08003c34   Section      156  dnaninf.o(x$fpl$dnaninf)
    x$fpl$dretinf                            0x08003cd0   Section       12  dretinf.o(x$fpl$dretinf)
    x$fpl$drleqf                             0x08003cdc   Section      108  drleqf.o(x$fpl$drleqf)
    x$fpl$dsub                               0x08003d48   Section      468  daddsub_clz.o(x$fpl$dsub)
    _dsub1                                   0x08003d59   Thumb Code     0  daddsub_clz.o(x$fpl$dsub)
    .constdata                               0x08003f1c   Section     2072  oled.o(.constdata)
    x$fpl$usenofp                            0x08003f1c   Section        0  usenofp.o(x$fpl$usenofp)
    .data                                    0x20000000   Section       20  system_stm32f10x.o(.data)
    .data                                    0x20000014   Section        1  wdg.o(.data)
    .data                                    0x20000016   Section        4  timer.o(.data)
    .data                                    0x2000001a   Section        4  hc-sr04.o(.data)
    .data                                    0x2000001e   Section     1024  oled.o(.data)
    .data                                    0x20000420   Section       60  openmv.o(.data)
    .data                                    0x2000045c   Section       32  anjian.o(.data)
    .data                                    0x2000047c   Section        4  delay.o(.data)
    fac_us                                   0x2000047c   Data           1  delay.o(.data)
    fac_ms                                   0x2000047e   Data           2  delay.o(.data)
    .data                                    0x20000480   Section       20  stm32f10x_rcc.o(.data)
    APBAHBPrescTable                         0x20000480   Data          16  stm32f10x_rcc.o(.data)
    ADCPrescTable                            0x20000490   Data           4  stm32f10x_rcc.o(.data)
    .bss                                     0x20000494   Section     1024  oled.o(.bss)
    .bss                                     0x20000894   Section       96  libspace.o(.bss)
    HEAP                                     0x200008f8   Section      512  startup_stm32f10x_hd.o(HEAP)
    Heap_Mem                                 0x200008f8   Data         512  startup_stm32f10x_hd.o(HEAP)
    STACK                                    0x20000af8   Section     1024  startup_stm32f10x_hd.o(STACK)
    Stack_Mem                                0x20000af8   Data        1024  startup_stm32f10x_hd.o(STACK)
    __initial_sp                             0x20000ef8   Data           0  startup_stm32f10x_hd.o(STACK)

    Global Symbols

    Symbol Name                              Value     Ov Type        Size  Object(Section)

    BuildAttributes$$THM_ISAv4$P$D$K$B$S$PE$A:L22UL41UL21$X:L11$S22US41US21$IEEE1$IW$USESV6$~STKCKD$USESV7$~SHL$OTIME$ROPI$IEEEX$EBA8$UX$STANDARDLIB$REQ8$PRES8$EABIv2 0x00000000   Number         0  anon$$obj.o ABSOLUTE
    __ARM_use_no_argv                        0x00000000   Number         0  main.o ABSOLUTE
    __ARM_exceptions_init                     - Undefined Weak Reference
    __alloca_initialize                       - Undefined Weak Reference
    __arm_preinit_                            - Undefined Weak Reference
    __cpp_initialize__aeabi_                  - Undefined Weak Reference
    __cxa_finalize                            - Undefined Weak Reference
    __rt_locale                               - Undefined Weak Reference
    __sigvec_lookup                           - Undefined Weak Reference
    _atexit_init                              - Undefined Weak Reference
    _call_atexit_fns                          - Undefined Weak Reference
    _clock_init                               - Undefined Weak Reference
    _fp_trap_init                             - Undefined Weak Reference
    _fp_trap_shutdown                         - Undefined Weak Reference
    _get_lc_collate                           - Undefined Weak Reference
    _get_lc_ctype                             - Undefined Weak Reference
    _get_lc_monetary                          - Undefined Weak Reference
    _get_lc_numeric                           - Undefined Weak Reference
    _get_lc_time                              - Undefined Weak Reference
    _getenv_init                              - Undefined Weak Reference
    _handle_redirection                       - Undefined Weak Reference
    _init_alloc                               - Undefined Weak Reference
    _init_user_alloc                          - Undefined Weak Reference
    _initio                                   - Undefined Weak Reference
    _rand_init                                - Undefined Weak Reference
    _signal_finish                            - Undefined Weak Reference
    _signal_init                              - Undefined Weak Reference
    _terminate_alloc                          - Undefined Weak Reference
    _terminate_user_alloc                     - Undefined Weak Reference
    _terminateio                              - Undefined Weak Reference
    __Vectors_Size                           0x00000130   Number         0  startup_stm32f10x_hd.o ABSOLUTE
    __Vectors                                0x08000000   Data           4  startup_stm32f10x_hd.o(RESET)
    __Vectors_End                            0x08000130   Data           0  startup_stm32f10x_hd.o(RESET)
    __main                                   0x08000131   Thumb Code     8  __main.o(!!!main)
    __scatterload                            0x08000139   Thumb Code     0  __scatter.o(!!!scatter)
    __scatterload_rt2                        0x08000139   Thumb Code    44  __scatter.o(!!!scatter)
    __scatterload_rt2_thumb_only             0x08000139   Thumb Code     0  __scatter.o(!!!scatter)
    __scatterload_null                       0x08000147   Thumb Code     0  __scatter.o(!!!scatter)
    __decompress                             0x0800016d   Thumb Code    90  __dczerorl2.o(!!dczerorl2)
    __decompress1                            0x0800016d   Thumb Code     0  __dczerorl2.o(!!dczerorl2)
    __scatterload_zeroinit                   0x080001c9   Thumb Code    28  __scatter_zi.o(!!handler_zi)
    __rt_lib_init                            0x080001e5   Thumb Code     0  libinit.o(.ARM.Collect$$libinit$$00000000)
    __rt_lib_init_alloca_1                   0x080001e7   Thumb Code     0  libinit2.o(.ARM.Collect$$libinit$$0000002E)
    __rt_lib_init_argv_1                     0x080001e7   Thumb Code     0  libinit2.o(.ARM.Collect$$libinit$$0000002C)
    __rt_lib_init_atexit_1                   0x080001e7   Thumb Code     0  libinit2.o(.ARM.Collect$$libinit$$0000001B)
    __rt_lib_init_clock_1                    0x080001e7   Thumb Code     0  libinit2.o(.ARM.Collect$$libinit$$00000021)
    __rt_lib_init_cpp_1                      0x080001e7   Thumb Code     0  libinit2.o(.ARM.Collect$$libinit$$00000032)
    __rt_lib_init_exceptions_1               0x080001e7   Thumb Code     0  libinit2.o(.ARM.Collect$$libinit$$00000030)
    __rt_lib_init_fp_1                       0x080001e7   Thumb Code     0  libinit2.o(.ARM.Collect$$libinit$$00000002)
    __rt_lib_init_fp_trap_1                  0x080001e7   Thumb Code     0  libinit2.o(.ARM.Collect$$libinit$$0000001F)
    __rt_lib_init_getenv_1                   0x080001e7   Thumb Code     0  libinit2.o(.ARM.Collect$$libinit$$00000023)
    __rt_lib_init_heap_1                     0x080001e7   Thumb Code     0  libinit2.o(.ARM.Collect$$libinit$$0000000A)
    __rt_lib_init_lc_collate_1               0x080001e7   Thumb Code     0  libinit2.o(.ARM.Collect$$libinit$$00000011)
    __rt_lib_init_lc_ctype_1                 0x080001e7   Thumb Code     0  libinit2.o(.ARM.Collect$$libinit$$00000013)
    __rt_lib_init_lc_monetary_1              0x080001e7   Thumb Code     0  libinit2.o(.ARM.Collect$$libinit$$00000015)
    __rt_lib_init_lc_numeric_1               0x080001e7   Thumb Code     0  libinit2.o(.ARM.Collect$$libinit$$00000017)
    __rt_lib_init_lc_time_1                  0x080001e7   Thumb Code     0  libinit2.o(.ARM.Collect$$libinit$$00000019)
    __rt_lib_init_preinit_1                  0x080001e7   Thumb Code     0  libinit2.o(.ARM.Collect$$libinit$$00000004)
    __rt_lib_init_rand_1                     0x080001e7   Thumb Code     0  libinit2.o(.ARM.Collect$$libinit$$0000000E)
    __rt_lib_init_return                     0x080001e7   Thumb Code     0  libinit2.o(.ARM.Collect$$libinit$$00000033)
    __rt_lib_init_signal_1                   0x080001e7   Thumb Code     0  libinit2.o(.ARM.Collect$$libinit$$0000001D)
    __rt_lib_init_stdio_1                    0x080001e7   Thumb Code     0  libinit2.o(.ARM.Collect$$libinit$$00000025)
    __rt_lib_init_user_alloc_1               0x080001e7   Thumb Code     0  libinit2.o(.ARM.Collect$$libinit$$0000000C)
    __rt_lib_shutdown                        0x080001e9   Thumb Code     0  libshutdown.o(.ARM.Collect$$libshutdown$$00000000)
    __rt_lib_shutdown_fp_trap_1              0x080001eb   Thumb Code     0  libshutdown2.o(.ARM.Collect$$libshutdown$$00000006)
    __rt_lib_shutdown_heap_1                 0x080001eb   Thumb Code     0  libshutdown2.o(.ARM.Collect$$libshutdown$$0000000E)
    __rt_lib_shutdown_return                 0x080001eb   Thumb Code     0  libshutdown2.o(.ARM.Collect$$libshutdown$$0000000F)
    __rt_lib_shutdown_signal_1               0x080001eb   Thumb Code     0  libshutdown2.o(.ARM.Collect$$libshutdown$$00000009)
    __rt_lib_shutdown_stdio_1                0x080001eb   Thumb Code     0  libshutdown2.o(.ARM.Collect$$libshutdown$$00000003)
    __rt_lib_shutdown_user_alloc_1           0x080001eb   Thumb Code     0  libshutdown2.o(.ARM.Collect$$libshutdown$$0000000B)
    __rt_entry                               0x080001ed   Thumb Code     0  __rtentry.o(.ARM.Collect$$rtentry$$00000000)
    __rt_entry_presh_1                       0x080001ed   Thumb Code     0  __rtentry2.o(.ARM.Collect$$rtentry$$00000002)
    __rt_entry_sh                            0x080001ed   Thumb Code     0  __rtentry4.o(.ARM.Collect$$rtentry$$00000004)
    __rt_entry_li                            0x080001f3   Thumb Code     0  __rtentry2.o(.ARM.Collect$$rtentry$$0000000A)
    __rt_entry_postsh_1                      0x080001f3   Thumb Code     0  __rtentry2.o(.ARM.Collect$$rtentry$$00000009)
    __rt_entry_main                          0x080001f7   Thumb Code     0  __rtentry2.o(.ARM.Collect$$rtentry$$0000000D)
    __rt_entry_postli_1                      0x080001f7   Thumb Code     0  __rtentry2.o(.ARM.Collect$$rtentry$$0000000C)
    __rt_exit                                0x080001ff   Thumb Code     0  rtexit.o(.ARM.Collect$$rtexit$$00000000)
    __rt_exit_ls                             0x08000201   Thumb Code     0  rtexit2.o(.ARM.Collect$$rtexit$$00000003)
    __rt_exit_prels_1                        0x08000201   Thumb Code     0  rtexit2.o(.ARM.Collect$$rtexit$$00000002)
    __rt_exit_exit                           0x08000205   Thumb Code     0  rtexit2.o(.ARM.Collect$$rtexit$$00000004)
    Oled_display                             0x0800020b   Thumb Code   174  main.o(.text)
    main                                     0x080002b9   Thumb Code    50  main.o(.text)
    NMI_Handler                              0x080002eb   Thumb Code     2  stm32f10x_it.o(.text)
    HardFault_Handler                        0x080002ed   Thumb Code     4  stm32f10x_it.o(.text)
    MemManage_Handler                        0x080002f1   Thumb Code     4  stm32f10x_it.o(.text)
    BusFault_Handler                         0x080002f5   Thumb Code     4  stm32f10x_it.o(.text)
    UsageFault_Handler                       0x080002f9   Thumb Code     4  stm32f10x_it.o(.text)
    SVC_Handler                              0x080002fd   Thumb Code     2  stm32f10x_it.o(.text)
    DebugMon_Handler                         0x080002ff   Thumb Code     2  stm32f10x_it.o(.text)
    PendSV_Handler                           0x08000301   Thumb Code     2  stm32f10x_it.o(.text)
    SysTick_Handler                          0x08000303   Thumb Code     2  stm32f10x_it.o(.text)
    SystemInit                               0x080003e3   Thumb Code    78  system_stm32f10x.o(.text)
    SystemCoreClockUpdate                    0x08000431   Thumb Code   142  system_stm32f10x.o(.text)
    IWDG_Init                                0x080004e5   Thumb Code    36  wdg.o(.text)
    IWDG_Feed                                0x08000509   Thumb Code     8  wdg.o(.text)
    WWDG_Init                                0x08000511   Thumb Code    86  wdg.o(.text)
    WWDG_Set_Counter                         0x08000567   Thumb Code    12  wdg.o(.text)
    WWDG_IRQHandler                          0x08000573   Thumb Code    32  wdg.o(.text)
    TIME4_Init                               0x0800059d   Thumb Code    86  timer.o(.text)
    TIME3_Init                               0x080005f3   Thumb Code    86  timer.o(.text)
    TIM3_PWM_Init                            0x08000649   Thumb Code   172  timer.o(.text)
    TIM5_Cap_Init                            0x080006f5   Thumb Code   166  timer.o(.text)
    TIM5_IRQHandler                          0x0800079b   Thumb Code   178  timer.o(.text)
    TIM4_IRQHandler                          0x0800084d   Thumb Code    32  timer.o(.text)
    StartModule                              0x0800088d   Thumb Code    24  hc-sr04.o(.text)
    HCSR04_Init                              0x08000913   Thumb Code    74  hc-sr04.o(.text)
    HCSR04Test                               0x0800095d   Thumb Code    74  hc-sr04.o(.text)
    TIM3_IRQHandler                          0x080009a7   Thumb Code    50  hc-sr04.o(.text)
    OLED_IIC_Init                            0x08000a05   Thumb Code    50  oled.o(.text)
    OLED_IIC_Start                           0x08000a37   Thumb Code    64  oled.o(.text)
    OLED_IIC_Stop                            0x08000a77   Thumb Code    60  oled.o(.text)
    OLED_IIC_Wait_Ack                        0x08000ab3   Thumb Code    86  oled.o(.text)
    OLED_IIC_Ack                             0x08000b09   Thumb Code    70  oled.o(.text)
    OLED_IIC_NAck                            0x08000b4f   Thumb Code    70  oled.o(.text)
    OLED_IIC_Send_Byte                       0x08000b95   Thumb Code    92  oled.o(.text)
    OLED_IIC_Read_Byte                       0x08000bf1   Thumb Code   100  oled.o(.text)
    Write_OLED_Command                       0x08000c55   Thumb Code    44  oled.o(.text)
    Write_OLED_Data                          0x08000c81   Thumb Code    44  oled.o(.text)
    OLED_WR_Byte                             0x08000cad   Thumb Code    24  oled.o(.text)
    OLED_Init                                0x08000cc5   Thumb Code   230  oled.o(.text)
    OLED_Refresh_Gram                        0x08000dab   Thumb Code    68  oled.o(.text)
    fill_picture                             0x08000def   Thumb Code    80  oled.o(.text)
    OLED_Set_Pos                             0x08000e3f   Thumb Code    40  oled.o(.text)
    OLED_Display_On                          0x08000e67   Thumb Code    28  oled.o(.text)
    OLED_Display_Off                         0x08000e83   Thumb Code    28  oled.o(.text)
    OLED_Clear                               0x08000e9f   Thumb Code    62  oled.o(.text)
    OLED_On                                  0x08000edd   Thumb Code    62  oled.o(.text)
    OLED_ShowChar                            0x08000f1b   Thumb Code   154  oled.o(.text)
    oled_pow                                 0x08000fb5   Thumb Code    22  oled.o(.text)
    OLED_ShowNum                             0x08000fcb   Thumb Code   136  oled.o(.text)
    OLED_ShowString                          0x08001053   Thumb Code    58  oled.o(.text)
    OLED_ShowCHinese                         0x0800108d   Thumb Code    98  oled.o(.text)
    OLED_DrawBMP                             0x080010ef   Thumb Code   118  oled.o(.text)
    UsartInit                                0x08001171   Thumb Code   120  openmv.o(.text)
    UsartInit1                               0x080011e9   Thumb Code   160  openmv.o(.text)
    deal_with                                0x08001289   Thumb Code    42  openmv.o(.text)
    turnLeft                                 0x080012b3   Thumb Code    68  openmv.o(.text)
    turnRight                                0x080012f7   Thumb Code    68  openmv.o(.text)
    CalcAngleWithDistance                    0x0800133b   Thumb Code     6  openmv.o(.text)
    Fire                                     0x08001341   Thumb Code    68  openmv.o(.text)
    autoFire1                                0x08001385   Thumb Code    70  openmv.o(.text)
    autoFire2                                0x080013cb   Thumb Code    70  openmv.o(.text)
    getOLED                                  0x08001411   Thumb Code     6  openmv.o(.text)
    readNum                                  0x08001417   Thumb Code    80  openmv.o(.text)
    USART1_IRQHandler                        0x08001467   Thumb Code   394  openmv.o(.text)
    getMotorAngle                            0x080015f1   Thumb Code     6  openmv.o(.text)
    EXTI0_IRQHandler                         0x08001611   Thumb Code   106  anjian.o(.text)
    EXTI1_IRQHandler                         0x0800167b   Thumb Code   106  anjian.o(.text)
    EXTI2_IRQHandler                         0x080016e5   Thumb Code    98  anjian.o(.text)
    EXTI3_IRQHandler                         0x08001747   Thumb Code   132  anjian.o(.text)
    EXTI4_IRQHandler                         0x080017cb   Thumb Code    42  anjian.o(.text)
    getDistnce                               0x080017f5   Thumb Code    12  anjian.o(.text)
    getAngle                                 0x08001801   Thumb Code    12  anjian.o(.text)
    delay_init                               0x08001831   Thumb Code    50  delay.o(.text)
    delay_us                                 0x08001863   Thumb Code    72  delay.o(.text)
    delay_ms                                 0x080018ab   Thumb Code    72  delay.o(.text)
    Reset_Handler                            0x08001905   Thumb Code     8  startup_stm32f10x_hd.o(.text)
    ADC1_2_IRQHandler                        0x0800191f   Thumb Code     0  startup_stm32f10x_hd.o(.text)
    ADC3_IRQHandler                          0x0800191f   Thumb Code     0  startup_stm32f10x_hd.o(.text)
    CAN1_RX1_IRQHandler                      0x0800191f   Thumb Code     0  startup_stm32f10x_hd.o(.text)
    CAN1_SCE_IRQHandler                      0x0800191f   Thumb Code     0  startup_stm32f10x_hd.o(.text)
    DMA1_Channel1_IRQHandler                 0x0800191f   Thumb Code     0  startup_stm32f10x_hd.o(.text)
    DMA1_Channel2_IRQHandler                 0x0800191f   Thumb Code     0  startup_stm32f10x_hd.o(.text)
    DMA1_Channel3_IRQHandler                 0x0800191f   Thumb Code     0  startup_stm32f10x_hd.o(.text)
    DMA1_Channel4_IRQHandler                 0x0800191f   Thumb Code     0  startup_stm32f10x_hd.o(.text)
    DMA1_Channel5_IRQHandler                 0x0800191f   Thumb Code     0  startup_stm32f10x_hd.o(.text)
    DMA1_Channel6_IRQHandler                 0x0800191f   Thumb Code     0  startup_stm32f10x_hd.o(.text)
    DMA1_Channel7_IRQHandler                 0x0800191f   Thumb Code     0  startup_stm32f10x_hd.o(.text)
    DMA2_Channel1_IRQHandler                 0x0800191f   Thumb Code     0  startup_stm32f10x_hd.o(.text)
    DMA2_Channel2_IRQHandler                 0x0800191f   Thumb Code     0  startup_stm32f10x_hd.o(.text)
    DMA2_Channel3_IRQHandler                 0x0800191f   Thumb Code     0  startup_stm32f10x_hd.o(.text)
    DMA2_Channel4_5_IRQHandler               0x0800191f   Thumb Code     0  startup_stm32f10x_hd.o(.text)
    EXTI15_10_IRQHandler                     0x0800191f   Thumb Code     0  startup_stm32f10x_hd.o(.text)
    EXTI9_5_IRQHandler                       0x0800191f   Thumb Code     0  startup_stm32f10x_hd.o(.text)
    FLASH_IRQHandler                         0x0800191f   Thumb Code     0  startup_stm32f10x_hd.o(.text)
    FSMC_IRQHandler                          0x0800191f   Thumb Code     0  startup_stm32f10x_hd.o(.text)
    I2C1_ER_IRQHandler                       0x0800191f   Thumb Code     0  startup_stm32f10x_hd.o(.text)
    I2C1_EV_IRQHandler                       0x0800191f   Thumb Code     0  startup_stm32f10x_hd.o(.text)
    I2C2_ER_IRQHandler                       0x0800191f   Thumb Code     0  startup_stm32f10x_hd.o(.text)
    I2C2_EV_IRQHandler                       0x0800191f   Thumb Code     0  startup_stm32f10x_hd.o(.text)
    PVD_IRQHandler                           0x0800191f   Thumb Code     0  startup_stm32f10x_hd.o(.text)
    RCC_IRQHandler                           0x0800191f   Thumb Code     0  startup_stm32f10x_hd.o(.text)
    RTCAlarm_IRQHandler                      0x0800191f   Thumb Code     0  startup_stm32f10x_hd.o(.text)
    RTC_IRQHandler                           0x0800191f   Thumb Code     0  startup_stm32f10x_hd.o(.text)
    SDIO_IRQHandler                          0x0800191f   Thumb Code     0  startup_stm32f10x_hd.o(.text)
    SPI1_IRQHandler                          0x0800191f   Thumb Code     0  startup_stm32f10x_hd.o(.text)
    SPI2_IRQHandler                          0x0800191f   Thumb Code     0  startup_stm32f10x_hd.o(.text)
    SPI3_IRQHandler                          0x0800191f   Thumb Code     0  startup_stm32f10x_hd.o(.text)
    TAMPER_IRQHandler                        0x0800191f   Thumb Code     0  startup_stm32f10x_hd.o(.text)
    TIM1_BRK_IRQHandler                      0x0800191f   Thumb Code     0  startup_stm32f10x_hd.o(.text)
    TIM1_CC_IRQHandler                       0x0800191f   Thumb Code     0  startup_stm32f10x_hd.o(.text)
    TIM1_TRG_COM_IRQHandler                  0x0800191f   Thumb Code     0  startup_stm32f10x_hd.o(.text)
    TIM1_UP_IRQHandler                       0x0800191f   Thumb Code     0  startup_stm32f10x_hd.o(.text)
    TIM2_IRQHandler                          0x0800191f   Thumb Code     0  startup_stm32f10x_hd.o(.text)
    TIM6_IRQHandler                          0x0800191f   Thumb Code     0  startup_stm32f10x_hd.o(.text)
    TIM7_IRQHandler                          0x0800191f   Thumb Code     0  startup_stm32f10x_hd.o(.text)
    TIM8_BRK_IRQHandler                      0x0800191f   Thumb Code     0  startup_stm32f10x_hd.o(.text)
    TIM8_CC_IRQHandler                       0x0800191f   Thumb Code     0  startup_stm32f10x_hd.o(.text)
    TIM8_TRG_COM_IRQHandler                  0x0800191f   Thumb Code     0  startup_stm32f10x_hd.o(.text)
    TIM8_UP_IRQHandler                       0x0800191f   Thumb Code     0  startup_stm32f10x_hd.o(.text)
    UART4_IRQHandler                         0x0800191f   Thumb Code     0  startup_stm32f10x_hd.o(.text)
    UART5_IRQHandler                         0x0800191f   Thumb Code     0  startup_stm32f10x_hd.o(.text)
    USART2_IRQHandler                        0x0800191f   Thumb Code     0  startup_stm32f10x_hd.o(.text)
    USART3_IRQHandler                        0x0800191f   Thumb Code     0  startup_stm32f10x_hd.o(.text)
    USBWakeUp_IRQHandler                     0x0800191f   Thumb Code     0  startup_stm32f10x_hd.o(.text)
    USB_HP_CAN1_TX_IRQHandler                0x0800191f   Thumb Code     0  startup_stm32f10x_hd.o(.text)
    USB_LP_CAN1_RX0_IRQHandler               0x0800191f   Thumb Code     0  startup_stm32f10x_hd.o(.text)
    __user_initial_stackheap                 0x08001921   Thumb Code     0  startup_stm32f10x_hd.o(.text)
    NVIC_PriorityGroupConfig                 0x08001945   Thumb Code    10  misc.o(.text)
    NVIC_Init                                0x0800194f   Thumb Code   100  misc.o(.text)
    NVIC_SetVectorTable                      0x080019b3   Thumb Code    14  misc.o(.text)
    NVIC_SystemLPConfig                      0x080019c1   Thumb Code    34  misc.o(.text)
    SysTick_CLKSourceConfig                  0x080019e3   Thumb Code    40  misc.o(.text)
    GPIO_DeInit                              0x08001a21   Thumb Code   172  stm32f10x_gpio.o(.text)
    GPIO_AFIODeInit                          0x08001acd   Thumb Code    20  stm32f10x_gpio.o(.text)
    GPIO_Init                                0x08001ae1   Thumb Code   278  stm32f10x_gpio.o(.text)
    GPIO_StructInit                          0x08001bf7   Thumb Code    16  stm32f10x_gpio.o(.text)
    GPIO_ReadInputDataBit                    0x08001c07   Thumb Code    18  stm32f10x_gpio.o(.text)
    GPIO_ReadInputData                       0x08001c19   Thumb Code     8  stm32f10x_gpio.o(.text)
    GPIO_ReadOutputDataBit                   0x08001c21   Thumb Code    18  stm32f10x_gpio.o(.text)
    GPIO_ReadOutputData                      0x08001c33   Thumb Code     8  stm32f10x_gpio.o(.text)
    GPIO_SetBits                             0x08001c3b   Thumb Code     4  stm32f10x_gpio.o(.text)
    GPIO_ResetBits                           0x08001c3f   Thumb Code     4  stm32f10x_gpio.o(.text)
    GPIO_WriteBit                            0x08001c43   Thumb Code    10  stm32f10x_gpio.o(.text)
    GPIO_Write                               0x08001c4d   Thumb Code     4  stm32f10x_gpio.o(.text)
    GPIO_PinLockConfig                       0x08001c51   Thumb Code    18  stm32f10x_gpio.o(.text)
    GPIO_EventOutputConfig                   0x08001c63   Thumb Code    26  stm32f10x_gpio.o(.text)
    GPIO_EventOutputCmd                      0x08001c7d   Thumb Code     6  stm32f10x_gpio.o(.text)
    GPIO_PinRemapConfig                      0x08001c83   Thumb Code   138  stm32f10x_gpio.o(.text)
    GPIO_EXTILineConfig                      0x08001d0d   Thumb Code    66  stm32f10x_gpio.o(.text)
    GPIO_ETH_MediaInterfaceConfig            0x08001d4f   Thumb Code     8  stm32f10x_gpio.o(.text)
    RCC_DeInit                               0x08001d7d   Thumb Code    64  stm32f10x_rcc.o(.text)
    RCC_HSEConfig                            0x08001dbd   Thumb Code    70  stm32f10x_rcc.o(.text)
    RCC_GetFlagStatus                        0x08001e03   Thumb Code    56  stm32f10x_rcc.o(.text)
    RCC_WaitForHSEStartUp                    0x08001e3b   Thumb Code    56  stm32f10x_rcc.o(.text)
    RCC_AdjustHSICalibrationValue            0x08001e73   Thumb Code    20  stm32f10x_rcc.o(.text)
    RCC_HSICmd                               0x08001e87   Thumb Code     6  stm32f10x_rcc.o(.text)
    RCC_PLLConfig                            0x08001e8d   Thumb Code    24  stm32f10x_rcc.o(.text)
    RCC_PLLCmd                               0x08001ea5   Thumb Code     6  stm32f10x_rcc.o(.text)
    RCC_SYSCLKConfig                         0x08001eab   Thumb Code    18  stm32f10x_rcc.o(.text)
    RCC_GetSYSCLKSource                      0x08001ebd   Thumb Code    10  stm32f10x_rcc.o(.text)
    RCC_HCLKConfig                           0x08001ec7   Thumb Code    18  stm32f10x_rcc.o(.text)
    RCC_PCLK1Config                          0x08001ed9   Thumb Code    18  stm32f10x_rcc.o(.text)
    RCC_PCLK2Config                          0x08001eeb   Thumb Code    20  stm32f10x_rcc.o(.text)
    RCC_ITConfig                             0x08001eff   Thumb Code    26  stm32f10x_rcc.o(.text)
    RCC_USBCLKConfig                         0x08001f19   Thumb Code     8  stm32f10x_rcc.o(.text)
    RCC_ADCCLKConfig                         0x08001f21   Thumb Code    18  stm32f10x_rcc.o(.text)
    RCC_LSEConfig                            0x08001f33   Thumb Code    50  stm32f10x_rcc.o(.text)
    RCC_LSICmd                               0x08001f65   Thumb Code     6  stm32f10x_rcc.o(.text)
    RCC_RTCCLKConfig                         0x08001f6b   Thumb Code    12  stm32f10x_rcc.o(.text)
    RCC_RTCCLKCmd                            0x08001f77   Thumb Code     8  stm32f10x_rcc.o(.text)
    RCC_GetClocksFreq                        0x08001f7f   Thumb Code   192  stm32f10x_rcc.o(.text)
    RCC_AHBPeriphClockCmd                    0x0800203f   Thumb Code    26  stm32f10x_rcc.o(.text)
    RCC_APB2PeriphClockCmd                   0x08002059   Thumb Code    26  stm32f10x_rcc.o(.text)
    RCC_APB1PeriphClockCmd                   0x08002073   Thumb Code    26  stm32f10x_rcc.o(.text)
    RCC_APB2PeriphResetCmd                   0x0800208d   Thumb Code    26  stm32f10x_rcc.o(.text)
    RCC_APB1PeriphResetCmd                   0x080020a7   Thumb Code    26  stm32f10x_rcc.o(.text)
    RCC_BackupResetCmd                       0x080020c1   Thumb Code     8  stm32f10x_rcc.o(.text)
    RCC_ClockSecuritySystemCmd               0x080020c9   Thumb Code     6  stm32f10x_rcc.o(.text)
    RCC_MCOConfig                            0x080020cf   Thumb Code     6  stm32f10x_rcc.o(.text)
    RCC_ClearFlag                            0x080020d5   Thumb Code    14  stm32f10x_rcc.o(.text)
    RCC_GetITStatus                          0x080020e3   Thumb Code    20  stm32f10x_rcc.o(.text)
    RCC_ClearITPendingBit                    0x080020f7   Thumb Code     6  stm32f10x_rcc.o(.text)
    USART_DeInit                             0x08002121   Thumb Code   134  stm32f10x_usart.o(.text)
    USART_Init                               0x080021a7   Thumb Code   210  stm32f10x_usart.o(.text)
    USART_StructInit                         0x08002279   Thumb Code    24  stm32f10x_usart.o(.text)
    USART_ClockInit                          0x08002291   Thumb Code    34  stm32f10x_usart.o(.text)
    USART_ClockStructInit                    0x080022b3   Thumb Code    12  stm32f10x_usart.o(.text)
    USART_Cmd                                0x080022bf   Thumb Code    24  stm32f10x_usart.o(.text)
    USART_ITConfig                           0x080022d7   Thumb Code    74  stm32f10x_usart.o(.text)
    USART_DMACmd                             0x08002321   Thumb Code    18  stm32f10x_usart.o(.text)
    USART_SetAddress                         0x08002333   Thumb Code    18  stm32f10x_usart.o(.text)
    USART_WakeUpConfig                       0x08002345   Thumb Code    18  stm32f10x_usart.o(.text)
    USART_ReceiverWakeUpCmd                  0x08002357   Thumb Code    24  stm32f10x_usart.o(.text)
    USART_LINBreakDetectLengthConfig         0x0800236f   Thumb Code    18  stm32f10x_usart.o(.text)
    USART_LINCmd                             0x08002381   Thumb Code    24  stm32f10x_usart.o(.text)
    USART_SendData                           0x08002399   Thumb Code     8  stm32f10x_usart.o(.text)
    USART_ReceiveData                        0x080023a1   Thumb Code    10  stm32f10x_usart.o(.text)
    USART_SendBreak                          0x080023ab   Thumb Code    10  stm32f10x_usart.o(.text)
    USART_SetGuardTime                       0x080023b5   Thumb Code    16  stm32f10x_usart.o(.text)
    USART_SetPrescaler                       0x080023c5   Thumb Code    16  stm32f10x_usart.o(.text)
    USART_SmartCardCmd                       0x080023d5   Thumb Code    24  stm32f10x_usart.o(.text)
    USART_SmartCardNACKCmd                   0x080023ed   Thumb Code    24  stm32f10x_usart.o(.text)
    USART_HalfDuplexCmd                      0x08002405   Thumb Code    24  stm32f10x_usart.o(.text)
    USART_OverSampling8Cmd                   0x0800241d   Thumb Code    22  stm32f10x_usart.o(.text)
    USART_OneBitMethodCmd                    0x08002433   Thumb Code    24  stm32f10x_usart.o(.text)
    USART_IrDAConfig                         0x0800244b   Thumb Code    18  stm32f10x_usart.o(.text)
    USART_IrDACmd                            0x0800245d   Thumb Code    24  stm32f10x_usart.o(.text)
    USART_GetFlagStatus                      0x08002475   Thumb Code    26  stm32f10x_usart.o(.text)
    USART_ClearFlag                          0x0800248f   Thumb Code    18  stm32f10x_usart.o(.text)
    USART_GetITStatus                        0x080024a1   Thumb Code    84  stm32f10x_usart.o(.text)
    USART_ClearITPendingBit                  0x080024f5   Thumb Code    52  stm32f10x_usart.o(.text)
    EXTI_DeInit                              0x08002529   Thumb Code    28  stm32f10x_exti.o(.text)
    EXTI_Init                                0x08002545   Thumb Code   142  stm32f10x_exti.o(.text)
    EXTI_StructInit                          0x080025d3   Thumb Code    16  stm32f10x_exti.o(.text)
    EXTI_GenerateSWInterrupt                 0x080025e3   Thumb Code    16  stm32f10x_exti.o(.text)
    EXTI_GetFlagStatus                       0x080025f3   Thumb Code    22  stm32f10x_exti.o(.text)
    EXTI_ClearFlag                           0x08002609   Thumb Code     8  stm32f10x_exti.o(.text)
    EXTI_GetITStatus                         0x08002611   Thumb Code    34  stm32f10x_exti.o(.text)
    EXTI_ClearITPendingBit                   0x08002633   Thumb Code     8  stm32f10x_exti.o(.text)
    IWDG_WriteAccessCmd                      0x08002645   Thumb Code     6  stm32f10x_iwdg.o(.text)
    IWDG_SetPrescaler                        0x0800264b   Thumb Code     6  stm32f10x_iwdg.o(.text)
    IWDG_SetReload                           0x08002651   Thumb Code     6  stm32f10x_iwdg.o(.text)
    IWDG_ReloadCounter                       0x08002657   Thumb Code    10  stm32f10x_iwdg.o(.text)
    IWDG_Enable                              0x08002661   Thumb Code    10  stm32f10x_iwdg.o(.text)
    IWDG_GetFlagStatus                       0x0800266b   Thumb Code    20  stm32f10x_iwdg.o(.text)
    TIM_DeInit                               0x08002685   Thumb Code   424  stm32f10x_tim.o(.text)
    TIM_TimeBaseInit                         0x0800282d   Thumb Code   122  stm32f10x_tim.o(.text)
    TIM_OC1Init                              0x080028a7   Thumb Code   132  stm32f10x_tim.o(.text)
    TIM_OC2Init                              0x0800292b   Thumb Code   154  stm32f10x_tim.o(.text)
    TIM_OC3Init                              0x080029c5   Thumb Code   150  stm32f10x_tim.o(.text)
    TIM_OC4Init                              0x08002a5b   Thumb Code   182  stm32f10x_tim.o(.text)
    TIM_SetIC4Prescaler                      0x08002b11   Thumb Code    26  stm32f10x_tim.o(.text)
    TIM_SetIC3Prescaler                      0x08002bad   Thumb Code    18  stm32f10x_tim.o(.text)
    TIM_SetIC2Prescaler                      0x08002c39   Thumb Code    26  stm32f10x_tim.o(.text)
    TIM_SetIC1Prescaler                      0x08002cd5   Thumb Code    18  stm32f10x_tim.o(.text)
    TIM_ICInit                               0x08002d53   Thumb Code   150  stm32f10x_tim.o(.text)
    TIM_PWMIConfig                           0x08002de9   Thumb Code   124  stm32f10x_tim.o(.text)
    TIM_BDTRConfig                           0x08002e65   Thumb Code    32  stm32f10x_tim.o(.text)
    TIM_TimeBaseStructInit                   0x08002e85   Thumb Code    18  stm32f10x_tim.o(.text)
    TIM_OCStructInit                         0x08002e97   Thumb Code    20  stm32f10x_tim.o(.text)
    TIM_ICStructInit                         0x08002eab   Thumb Code    18  stm32f10x_tim.o(.text)
    TIM_BDTRStructInit                       0x08002ebd   Thumb Code    40  stm32f10x_tim.o(.text)
    TIM_Cmd                                  0x08002ee5   Thumb Code    24  stm32f10x_tim.o(.text)
    TIM_CtrlPWMOutputs                       0x08002efd   Thumb Code    30  stm32f10x_tim.o(.text)
    TIM_ITConfig                             0x08002f1b   Thumb Code    18  stm32f10x_tim.o(.text)
    TIM_GenerateEvent                        0x08002f2d   Thumb Code     4  stm32f10x_tim.o(.text)
    TIM_DMAConfig                            0x08002f31   Thumb Code    10  stm32f10x_tim.o(.text)
    TIM_DMACmd                               0x08002f3b   Thumb Code    18  stm32f10x_tim.o(.text)
    TIM_InternalClockConfig                  0x08002f4d   Thumb Code    12  stm32f10x_tim.o(.text)
    TIM_SelectInputTrigger                   0x08002f59   Thumb Code    18  stm32f10x_tim.o(.text)
    TIM_ITRxExternalClockConfig              0x08002f6b   Thumb Code    24  stm32f10x_tim.o(.text)
    TIM_TIxExternalClockConfig               0x08002f83   Thumb Code    62  stm32f10x_tim.o(.text)
    TIM_ETRConfig                            0x08002fc1   Thumb Code    28  stm32f10x_tim.o(.text)
    TIM_ETRClockMode1Config                  0x08002fdd   Thumb Code    54  stm32f10x_tim.o(.text)
    TIM_ETRClockMode2Config                  0x08003013   Thumb Code    32  stm32f10x_tim.o(.text)
    TIM_PrescalerConfig                      0x08003033   Thumb Code     6  stm32f10x_tim.o(.text)
    TIM_CounterModeConfig                    0x08003039   Thumb Code    18  stm32f10x_tim.o(.text)
    TIM_EncoderInterfaceConfig               0x0800304b   Thumb Code    66  stm32f10x_tim.o(.text)
    TIM_ForcedOC1Config                      0x0800308d   Thumb Code    18  stm32f10x_tim.o(.text)
    TIM_ForcedOC2Config                      0x0800309f   Thumb Code    26  stm32f10x_tim.o(.text)
    TIM_ForcedOC3Config                      0x080030b9   Thumb Code    18  stm32f10x_tim.o(.text)
    TIM_ForcedOC4Config                      0x080030cb   Thumb Code    26  stm32f10x_tim.o(.text)
    TIM_ARRPreloadConfig                     0x080030e5   Thumb Code    24  stm32f10x_tim.o(.text)
    TIM_SelectCOM                            0x080030fd   Thumb Code    24  stm32f10x_tim.o(.text)
    TIM_SelectCCDMA                          0x08003115   Thumb Code    24  stm32f10x_tim.o(.text)
    TIM_CCPreloadControl                     0x0800312d   Thumb Code    24  stm32f10x_tim.o(.text)
    TIM_OC1PreloadConfig                     0x08003145   Thumb Code    18  stm32f10x_tim.o(.text)
    TIM_OC2PreloadConfig                     0x08003157   Thumb Code    26  stm32f10x_tim.o(.text)
    TIM_OC3PreloadConfig                     0x08003171   Thumb Code    18  stm32f10x_tim.o(.text)
    TIM_OC4PreloadConfig                     0x08003183   Thumb Code    26  stm32f10x_tim.o(.text)
    TIM_OC1FastConfig                        0x0800319d   Thumb Code    18  stm32f10x_tim.o(.text)
    TIM_OC2FastConfig                        0x080031af   Thumb Code    26  stm32f10x_tim.o(.text)
    TIM_OC3FastConfig                        0x080031c9   Thumb Code    18  stm32f10x_tim.o(.text)
    TIM_OC4FastConfig                        0x080031db   Thumb Code    26  stm32f10x_tim.o(.text)
    TIM_ClearOC1Ref                          0x080031f5   Thumb Code    18  stm32f10x_tim.o(.text)
    TIM_ClearOC2Ref                          0x08003207   Thumb Code    24  stm32f10x_tim.o(.text)
    TIM_ClearOC3Ref                          0x0800321f   Thumb Code    18  stm32f10x_tim.o(.text)
    TIM_ClearOC4Ref                          0x08003231   Thumb Code    24  stm32f10x_tim.o(.text)
    TIM_OC1PolarityConfig                    0x08003249   Thumb Code    18  stm32f10x_tim.o(.text)
    TIM_OC1NPolarityConfig                   0x0800325b   Thumb Code    18  stm32f10x_tim.o(.text)
    TIM_OC2PolarityConfig                    0x0800326d   Thumb Code    26  stm32f10x_tim.o(.text)
    TIM_OC2NPolarityConfig                   0x08003287   Thumb Code    26  stm32f10x_tim.o(.text)
    TIM_OC3PolarityConfig                    0x080032a1   Thumb Code    26  stm32f10x_tim.o(.text)
    TIM_OC3NPolarityConfig                   0x080032bb   Thumb Code    26  stm32f10x_tim.o(.text)
    TIM_OC4PolarityConfig                    0x080032d5   Thumb Code    26  stm32f10x_tim.o(.text)
    TIM_CCxCmd                               0x080032ef   Thumb Code    30  stm32f10x_tim.o(.text)
    TIM_CCxNCmd                              0x0800330d   Thumb Code    30  stm32f10x_tim.o(.text)
    TIM_SelectOCxM                           0x0800332b   Thumb Code    82  stm32f10x_tim.o(.text)
    TIM_UpdateDisableConfig                  0x0800337d   Thumb Code    24  stm32f10x_tim.o(.text)
    TIM_UpdateRequestConfig                  0x08003395   Thumb Code    24  stm32f10x_tim.o(.text)
    TIM_SelectHallSensor                     0x080033ad   Thumb Code    24  stm32f10x_tim.o(.text)
    TIM_SelectOnePulseMode                   0x080033c5   Thumb Code    18  stm32f10x_tim.o(.text)
    TIM_SelectOutputTrigger                  0x080033d7   Thumb Code    18  stm32f10x_tim.o(.text)
    TIM_SelectSlaveMode                      0x080033e9   Thumb Code    18  stm32f10x_tim.o(.text)
    TIM_SelectMasterSlaveMode                0x080033fb   Thumb Code    18  stm32f10x_tim.o(.text)
    TIM_SetCounter                           0x0800340d   Thumb Code     4  stm32f10x_tim.o(.text)
    TIM_SetAutoreload                        0x08003411   Thumb Code     4  stm32f10x_tim.o(.text)
    TIM_SetCompare1                          0x08003415   Thumb Code     4  stm32f10x_tim.o(.text)
    TIM_SetCompare2                          0x08003419   Thumb Code     4  stm32f10x_tim.o(.text)
    TIM_SetCompare3                          0x0800341d   Thumb Code     4  stm32f10x_tim.o(.text)
    TIM_SetCompare4                          0x08003421   Thumb Code     6  stm32f10x_tim.o(.text)
    TIM_SetClockDivision                     0x08003427   Thumb Code    18  stm32f10x_tim.o(.text)
    TIM_GetCapture1                          0x08003439   Thumb Code     6  stm32f10x_tim.o(.text)
    TIM_GetCapture2                          0x0800343f   Thumb Code     6  stm32f10x_tim.o(.text)
    TIM_GetCapture3                          0x08003445   Thumb Code     6  stm32f10x_tim.o(.text)
    TIM_GetCapture4                          0x0800344b   Thumb Code     8  stm32f10x_tim.o(.text)
    TIM_GetCounter                           0x08003453   Thumb Code     6  stm32f10x_tim.o(.text)
    TIM_GetPrescaler                         0x08003459   Thumb Code     6  stm32f10x_tim.o(.text)
    TIM_GetFlagStatus                        0x0800345f   Thumb Code    18  stm32f10x_tim.o(.text)
    TIM_ClearFlag                            0x08003471   Thumb Code     6  stm32f10x_tim.o(.text)
    TIM_GetITStatus                          0x08003477   Thumb Code    34  stm32f10x_tim.o(.text)
    TIM_ClearITPendingBit                    0x08003499   Thumb Code     6  stm32f10x_tim.o(.text)
    WWDG_DeInit                              0x080034a1   Thumb Code    22  stm32f10x_wwdg.o(.text)
    WWDG_SetPrescaler                        0x080034b7   Thumb Code    18  stm32f10x_wwdg.o(.text)
    WWDG_SetWindowValue                      0x080034c9   Thumb Code    34  stm32f10x_wwdg.o(.text)
    WWDG_EnableIT                            0x080034eb   Thumb Code     8  stm32f10x_wwdg.o(.text)
    WWDG_SetCounter                          0x080034f3   Thumb Code    12  stm32f10x_wwdg.o(.text)
    WWDG_Enable                              0x080034ff   Thumb Code    12  stm32f10x_wwdg.o(.text)
    WWDG_GetFlagStatus                       0x0800350b   Thumb Code    10  stm32f10x_wwdg.o(.text)
    WWDG_ClearFlag                           0x08003515   Thumb Code    10  stm32f10x_wwdg.o(.text)
    __use_two_region_memory                  0x08003529   Thumb Code     2  heapauxi.o(.text)
    __rt_heap_escrow$2region                 0x0800352b   Thumb Code     2  heapauxi.o(.text)
    __rt_heap_expand$2region                 0x0800352d   Thumb Code     2  heapauxi.o(.text)
    __user_libspace                          0x08003531   Thumb Code     8  libspace.o(.text)
    __user_perproc_libspace                  0x08003531   Thumb Code     0  libspace.o(.text)
    __user_perthread_libspace                0x08003531   Thumb Code     0  libspace.o(.text)
    __user_setup_stackheap                   0x08003539   Thumb Code    74  sys_stackheap_outer.o(.text)
    exit                                     0x08003583   Thumb Code    12  exit.o(.text)
    _sys_exit                                0x08003591   Thumb Code     8  sys_exit.o(.text)
    __I$use$semihosting                      0x0800359d   Thumb Code     0  use_no_semi.o(.text)
    __use_no_semihosting_swi                 0x0800359d   Thumb Code     2  use_no_semi.o(.text)
    __semihosting_library_function           0x0800359f   Thumb Code     0  indicate_semi.o(.text)
    __aeabi_dadd                             0x080035a1   Thumb Code     0  daddsub_clz.o(x$fpl$dadd)
    _dadd                                    0x080035a1   Thumb Code   332  daddsub_clz.o(x$fpl$dadd)
    __fpl_dcmp_Inf                           0x080036f1   Thumb Code    24  dcmpi.o(x$fpl$dcmpinf)
    __aeabi_ddiv                             0x08003709   Thumb Code     0  ddiv.o(x$fpl$ddiv)
    _ddiv                                    0x08003709   Thumb Code   552  ddiv.o(x$fpl$ddiv)
    __aeabi_d2uiz                            0x080039b9   Thumb Code     0  dfixu.o(x$fpl$dfixu)
    _dfixu                                   0x080039b9   Thumb Code    90  dfixu.o(x$fpl$dfixu)
    __aeabi_i2d                              0x08003a13   Thumb Code     0  dflt_clz.o(x$fpl$dflt)
    _dflt                                    0x08003a13   Thumb Code    46  dflt_clz.o(x$fpl$dflt)
    __aeabi_ui2d                             0x08003a41   Thumb Code     0  dflt_clz.o(x$fpl$dfltu)
    _dfltu                                   0x08003a41   Thumb Code    38  dflt_clz.o(x$fpl$dfltu)
    __aeabi_cdcmple                          0x08003a69   Thumb Code     0  dleqf.o(x$fpl$dleqf)
    _dcmple                                  0x08003a69   Thumb Code   120  dleqf.o(x$fpl$dleqf)
    __fpl_dcmple_InfNaN                      0x08003acb   Thumb Code     0  dleqf.o(x$fpl$dleqf)
    __aeabi_dmul                             0x08003ae1   Thumb Code     0  dmul.o(x$fpl$dmul)
    _dmul                                    0x08003ae1   Thumb Code   332  dmul.o(x$fpl$dmul)
    __fpl_dnaninf                            0x08003c35   Thumb Code   156  dnaninf.o(x$fpl$dnaninf)
    __fpl_dretinf                            0x08003cd1   Thumb Code    12  dretinf.o(x$fpl$dretinf)
    __aeabi_cdrcmple                         0x08003cdd   Thumb Code     0  drleqf.o(x$fpl$drleqf)
    _drcmple                                 0x08003cdd   Thumb Code   108  drleqf.o(x$fpl$drleqf)
    __aeabi_dsub                             0x08003d49   Thumb Code     0  daddsub_clz.o(x$fpl$dsub)
    _dsub                                    0x08003d49   Thumb Code   464  daddsub_clz.o(x$fpl$dsub)
    F6x8                                     0x08003f1c   Data         552  oled.o(.constdata)
    __I$use$fp                               0x08003f1c   Number         0  usenofp.o(x$fpl$usenofp)
    F8X16                                    0x08004144   Data        1520  oled.o(.constdata)
    Region$$Table$$Base                      0x08004734   Number         0  anon$$obj.o(Region$$Table)
    Region$$Table$$Limit                     0x08004754   Number         0  anon$$obj.o(Region$$Table)
    SystemCoreClock                          0x20000000   Data           4  system_stm32f10x.o(.data)
    AHBPrescTable                            0x20000004   Data          16  system_stm32f10x.o(.data)
    WWDG_CNT                                 0x20000014   Data           1  wdg.o(.data)
    TIM5CH1_CAPTURE_STA                      0x20000016   Data           1  timer.o(.data)
    TIM5CH1_CAPTURE_VAL                      0x20000018   Data           2  timer.o(.data)
    gFlag                                    0x2000001a   Data           1  hc-sr04.o(.data)
    time                                     0x2000001c   Data           2  hc-sr04.o(.data)
    Hzk                                      0x2000001e   Data        1024  oled.o(.data)
    cx                                       0x20000420   Data           4  openmv.o(.data)
    cy                                       0x20000424   Data           4  openmv.o(.data)
    lm                                       0x20000428   Data           4  openmv.o(.data)
    AfterTurnFlag                            0x2000042c   Data           4  openmv.o(.data)
    i                                        0x20000430   Data           4  openmv.o(.data)
    lmSum                                    0x20000434   Data           4  openmv.o(.data)
    CountTOFlag                              0x20000438   Data           4  openmv.o(.data)
    AfterFindFlag                            0x2000043c   Data           4  openmv.o(.data)
    autoFireFlag                             0x20000440   Data           4  openmv.o(.data)
    autoMode                                 0x20000444   Data           4  openmv.o(.data)
    lmAvg                                    0x20000448   Data           4  openmv.o(.data)
    MotorAngle                               0x20000450   Data           8  openmv.o(.data)
    length                                   0x20000458   Data           4  openmv.o(.data)
    StartInputFlag                           0x2000045c   Data           4  anjian.o(.data)
    EndInputDistanceFlag                     0x20000460   Data           4  anjian.o(.data)
    EndInputAngleFlag                        0x20000464   Data           4  anjian.o(.data)
    mode                                     0x20000468   Data           4  anjian.o(.data)
    distance                                 0x2000046c   Data           4  anjian.o(.data)
    angle                                    0x20000470   Data           4  anjian.o(.data)
    distanceI                                0x20000474   Data           4  anjian.o(.data)
    angleI                                   0x20000478   Data           4  anjian.o(.data)
    OLED_GRAM                                0x20000494   Data        1024  oled.o(.bss)
    __libspace_start                         0x20000894   Data          96  libspace.o(.bss)
    __temporary_stack_top$libspace           0x200008f4   Data           0  libspace.o(.bss)



==============================================================================

Memory Map of the image

  Image Entry point : 0x08000131

  Load Region LR_IROM1 (Base: 0x08000000, Size: 0x00004be8, Max: 0x00080000, ABSOLUTE, COMPRESSED[0x00004930])

    Execution Region ER_IROM1 (Base: 0x08000000, Size: 0x00004754, Max: 0x00080000, ABSOLUTE)

    Base Addr    Size         Type   Attr      Idx    E Section Name        Object

    0x08000000   0x00000130   Data   RO          411    RESET               startup_stm32f10x_hd.o
    0x08000130   0x00000008   Code   RO          698  * !!!main             c_w.l(__main.o)
    0x08000138   0x00000034   Code   RO          952    !!!scatter          c_w.l(__scatter.o)
    0x0800016c   0x0000005a   Code   RO          950    !!dczerorl2         c_w.l(__dczerorl2.o)
    0x080001c6   0x00000002   PAD
    0x080001c8   0x0000001c   Code   RO          954    !!handler_zi        c_w.l(__scatter_zi.o)
    0x080001e4   0x00000002   Code   RO          820    .ARM.Collect$$libinit$$00000000  c_w.l(libinit.o)
    0x080001e6   0x00000000   Code   RO          826    .ARM.Collect$$libinit$$00000002  c_w.l(libinit2.o)
    0x080001e6   0x00000000   Code   RO          828    .ARM.Collect$$libinit$$00000004  c_w.l(libinit2.o)
    0x080001e6   0x00000000   Code   RO          831    .ARM.Collect$$libinit$$0000000A  c_w.l(libinit2.o)
    0x080001e6   0x00000000   Code   RO          833    .ARM.Collect$$libinit$$0000000C  c_w.l(libinit2.o)
    0x080001e6   0x00000000   Code   RO          835    .ARM.Collect$$libinit$$0000000E  c_w.l(libinit2.o)
    0x080001e6   0x00000000   Code   RO          838    .ARM.Collect$$libinit$$00000011  c_w.l(libinit2.o)
    0x080001e6   0x00000000   Code   RO          840    .ARM.Collect$$libinit$$00000013  c_w.l(libinit2.o)
    0x080001e6   0x00000000   Code   RO          842    .ARM.Collect$$libinit$$00000015  c_w.l(libinit2.o)
    0x080001e6   0x00000000   Code   RO          844    .ARM.Collect$$libinit$$00000017  c_w.l(libinit2.o)
    0x080001e6   0x00000000   Code   RO          846    .ARM.Collect$$libinit$$00000019  c_w.l(libinit2.o)
    0x080001e6   0x00000000   Code   RO          848    .ARM.Collect$$libinit$$0000001B  c_w.l(libinit2.o)
    0x080001e6   0x00000000   Code   RO          850    .ARM.Collect$$libinit$$0000001D  c_w.l(libinit2.o)
    0x080001e6   0x00000000   Code   RO          852    .ARM.Collect$$libinit$$0000001F  c_w.l(libinit2.o)
    0x080001e6   0x00000000   Code   RO          854    .ARM.Collect$$libinit$$00000021  c_w.l(libinit2.o)
    0x080001e6   0x00000000   Code   RO          856    .ARM.Collect$$libinit$$00000023  c_w.l(libinit2.o)
    0x080001e6   0x00000000   Code   RO          858    .ARM.Collect$$libinit$$00000025  c_w.l(libinit2.o)
    0x080001e6   0x00000000   Code   RO          862    .ARM.Collect$$libinit$$0000002C  c_w.l(libinit2.o)
    0x080001e6   0x00000000   Code   RO          864    .ARM.Collect$$libinit$$0000002E  c_w.l(libinit2.o)
    0x080001e6   0x00000000   Code   RO          866    .ARM.Collect$$libinit$$00000030  c_w.l(libinit2.o)
    0x080001e6   0x00000000   Code   RO          868    .ARM.Collect$$libinit$$00000032  c_w.l(libinit2.o)
    0x080001e6   0x00000002   Code   RO          869    .ARM.Collect$$libinit$$00000033  c_w.l(libinit2.o)
    0x080001e8   0x00000002   Code   RO          891    .ARM.Collect$$libshutdown$$00000000  c_w.l(libshutdown.o)
    0x080001ea   0x00000000   Code   RO          905    .ARM.Collect$$libshutdown$$00000003  c_w.l(libshutdown2.o)
    0x080001ea   0x00000000   Code   RO          908    .ARM.Collect$$libshutdown$$00000006  c_w.l(libshutdown2.o)
    0x080001ea   0x00000000   Code   RO          911    .ARM.Collect$$libshutdown$$00000009  c_w.l(libshutdown2.o)
    0x080001ea   0x00000000   Code   RO          913    .ARM.Collect$$libshutdown$$0000000B  c_w.l(libshutdown2.o)
    0x080001ea   0x00000000   Code   RO          916    .ARM.Collect$$libshutdown$$0000000E  c_w.l(libshutdown2.o)
    0x080001ea   0x00000002   Code   RO          917    .ARM.Collect$$libshutdown$$0000000F  c_w.l(libshutdown2.o)
    0x080001ec   0x00000000   Code   RO          744    .ARM.Collect$$rtentry$$00000000  c_w.l(__rtentry.o)
    0x080001ec   0x00000000   Code   RO          785    .ARM.Collect$$rtentry$$00000002  c_w.l(__rtentry2.o)
    0x080001ec   0x00000006   Code   RO          797    .ARM.Collect$$rtentry$$00000004  c_w.l(__rtentry4.o)
    0x080001f2   0x00000000   Code   RO          787    .ARM.Collect$$rtentry$$00000009  c_w.l(__rtentry2.o)
    0x080001f2   0x00000004   Code   RO          788    .ARM.Collect$$rtentry$$0000000A  c_w.l(__rtentry2.o)
    0x080001f6   0x00000000   Code   RO          790    .ARM.Collect$$rtentry$$0000000C  c_w.l(__rtentry2.o)
    0x080001f6   0x00000008   Code   RO          791    .ARM.Collect$$rtentry$$0000000D  c_w.l(__rtentry2.o)
    0x080001fe   0x00000002   Code   RO          823    .ARM.Collect$$rtexit$$00000000  c_w.l(rtexit.o)
    0x08000200   0x00000000   Code   RO          873    .ARM.Collect$$rtexit$$00000002  c_w.l(rtexit2.o)
    0x08000200   0x00000004   Code   RO          874    .ARM.Collect$$rtexit$$00000003  c_w.l(rtexit2.o)
    0x08000204   0x00000006   Code   RO          875    .ARM.Collect$$rtexit$$00000004  c_w.l(rtexit2.o)
    0x0800020a   0x000000e0   Code   RO            1    .text               main.o
    0x080002ea   0x0000001a   Code   RO          142    .text               stm32f10x_it.o
    0x08000304   0x000001e0   Code   RO          183    .text               system_stm32f10x.o
    0x080004e4   0x000000b8   Code   RO          250    .text               wdg.o
    0x0800059c   0x000002f0   Code   RO          268    .text               timer.o
    0x0800088c   0x00000178   Code   RO          283    .text               hc-sr04.o
    0x08000a04   0x0000076c   Code   RO          301    .text               oled.o
    0x08001170   0x000004a0   Code   RO          337    .text               openmv.o
    0x08001610   0x00000220   Code   RO          353    .text               anjian.o
    0x08001830   0x000000d4   Code   RO          368    .text               delay.o
    0x08001904   0x00000040   Code   RO          412    .text               startup_stm32f10x_hd.o
    0x08001944   0x000000dc   Code   RO          416    .text               misc.o
    0x08001a20   0x0000035c   Code   RO          428    .text               stm32f10x_gpio.o
    0x08001d7c   0x000003a4   Code   RO          440    .text               stm32f10x_rcc.o
    0x08002120   0x00000408   Code   RO          454    .text               stm32f10x_usart.o
    0x08002528   0x0000011c   Code   RO          562    .text               stm32f10x_exti.o
    0x08002644   0x00000040   Code   RO          610    .text               stm32f10x_iwdg.o
    0x08002684   0x00000e1a   Code   RO          670    .text               stm32f10x_tim.o
    0x0800349e   0x00000002   PAD
    0x080034a0   0x00000088   Code   RO          682    .text               stm32f10x_wwdg.o
    0x08003528   0x00000006   Code   RO          696    .text               c_w.l(heapauxi.o)
    0x0800352e   0x00000002   PAD
    0x08003530   0x00000008   Code   RO          808    .text               c_w.l(libspace.o)
    0x08003538   0x0000004a   Code   RO          811    .text               c_w.l(sys_stackheap_outer.o)
    0x08003582   0x0000000c   Code   RO          813    .text               c_w.l(exit.o)
    0x0800358e   0x00000002   PAD
    0x08003590   0x0000000c   Code   RO          883    .text               c_w.l(sys_exit.o)
    0x0800359c   0x00000002   Code   RO          894    .text               c_w.l(use_no_semi.o)
    0x0800359e   0x00000000   Code   RO          896    .text               c_w.l(indicate_semi.o)
    0x0800359e   0x00000002   PAD
    0x080035a0   0x00000150   Code   RO          702    x$fpl$dadd          fz_ws.l(daddsub_clz.o)
    0x080036f0   0x00000018   Code   RO          747    x$fpl$dcmpinf       fz_ws.l(dcmpi.o)
    0x08003708   0x000002b0   Code   RO          709    x$fpl$ddiv          fz_ws.l(ddiv.o)
    0x080039b8   0x0000005a   Code   RO          712    x$fpl$dfixu         fz_ws.l(dfixu.o)
    0x08003a12   0x0000002e   Code   RO          717    x$fpl$dflt          fz_ws.l(dflt_clz.o)
    0x08003a40   0x00000026   Code   RO          716    x$fpl$dfltu         fz_ws.l(dflt_clz.o)
    0x08003a66   0x00000002   PAD
    0x08003a68   0x00000078   Code   RO          722    x$fpl$dleqf         fz_ws.l(dleqf.o)
    0x08003ae0   0x00000154   Code   RO          724    x$fpl$dmul          fz_ws.l(dmul.o)
    0x08003c34   0x0000009c   Code   RO          749    x$fpl$dnaninf       fz_ws.l(dnaninf.o)
    0x08003cd0   0x0000000c   Code   RO          751    x$fpl$dretinf       fz_ws.l(dretinf.o)
    0x08003cdc   0x0000006c   Code   RO          726    x$fpl$drleqf        fz_ws.l(drleqf.o)
    0x08003d48   0x000001d4   Code   RO          704    x$fpl$dsub          fz_ws.l(daddsub_clz.o)
    0x08003f1c   0x00000000   Code   RO          759    x$fpl$usenofp       fz_ws.l(usenofp.o)
    0x08003f1c   0x00000818   Data   RO          303    .constdata          oled.o
    0x08004734   0x00000020   Data   RO          948    Region$$Table       anon$$obj.o


    Execution Region RW_IRAM1 (Base: 0x20000000, Size: 0x00000ef8, Max: 0x00010000, ABSOLUTE, COMPRESSED[0x000001dc])

    Base Addr    Size         Type   Attr      Idx    E Section Name        Object

    0x20000000   0x00000014   Data   RW          184    .data               system_stm32f10x.o
    0x20000014   0x00000001   Data   RW          251    .data               wdg.o
    0x20000015   0x00000001   PAD
    0x20000016   0x00000004   Data   RW          269    .data               timer.o
    0x2000001a   0x00000004   Data   RW          284    .data               hc-sr04.o
    0x2000001e   0x00000400   Data   RW          304    .data               oled.o
    0x2000041e   0x00000002   PAD
    0x20000420   0x0000003c   Data   RW          339    .data               openmv.o
    0x2000045c   0x00000020   Data   RW          354    .data               anjian.o
    0x2000047c   0x00000004   Data   RW          369    .data               delay.o
    0x20000480   0x00000014   Data   RW          441    .data               stm32f10x_rcc.o
    0x20000494   0x00000400   Zero   RW          302    .bss                oled.o
    0x20000894   0x00000060   Zero   RW          809    .bss                c_w.l(libspace.o)
    0x200008f4   0x00000004   PAD
    0x200008f8   0x00000200   Zero   RW          410    HEAP                startup_stm32f10x_hd.o
    0x20000af8   0x00000400   Zero   RW          409    STACK               startup_stm32f10x_hd.o


==============================================================================

Image component sizes


      Code (inc. data)   RO Data    RW Data    ZI Data      Debug   Object Name

       544         36          0         32          0       1988   anjian.o
       212         18          0          4          0        967   delay.o
       376         44          0          4          0       1318   hc-sr04.o
       224          0          0          0          0     255400   main.o
       220         22          0          0          0       1745   misc.o
      1900         28       2072       1024       1024       7135   oled.o
      1184        118          0         60          0       4207   openmv.o
        64         26        304          0       1536        772   startup_stm32f10x_hd.o
       284         10          0          0          0       2175   stm32f10x_exti.o
       860         38          0          0          0       5589   stm32f10x_gpio.o
        26          0          0          0          0       1154   stm32f10x_it.o
        64          6          0          0          0       1237   stm32f10x_iwdg.o
       932         36          0         20          0       8732   stm32f10x_rcc.o
      3610         88          0          0          0      22072   stm32f10x_tim.o
      1032         22          0          0          0       8316   stm32f10x_usart.o
       136         10          0          0          0       2240   stm32f10x_wwdg.o
         0          0          0          0          0         32   sys.o
       480         38          0         20          0       1659   system_stm32f10x.o
       752         32          0          4          0       2350   timer.o
       184         10          0          1          0       1396   wdg.o

    ----------------------------------------------------------------------
     13086        582       2408       1172       2560     330484   Object Totals
         0          0         32          0          0          0   (incl. Generated)
         2          0          0          3          0          0   (incl. Padding)

    ----------------------------------------------------------------------

      Code (inc. data)   RO Data    RW Data    ZI Data      Debug   Library Member Name

        90          0          0          0          0          0   __dczerorl2.o
         8          0          0          0          0         68   __main.o
         0          0          0          0          0          0   __rtentry.o
        12          0          0          0          0          0   __rtentry2.o
         6          0          0          0          0          0   __rtentry4.o
        52          8          0          0          0          0   __scatter.o
        28          0          0          0          0          0   __scatter_zi.o
        12          0          0          0          0         72   exit.o
         6          0          0          0          0        152   heapauxi.o
         0          0          0          0          0          0   indicate_semi.o
         2          0          0          0          0          0   libinit.o
         2          0          0          0          0          0   libinit2.o
         2          0          0          0          0          0   libshutdown.o
         2          0          0          0          0          0   libshutdown2.o
         8          4          0          0         96         68   libspace.o
         2          0          0          0          0          0   rtexit.o
        10          0          0          0          0          0   rtexit2.o
        12          4          0          0          0         68   sys_exit.o
        74          0          0          0          0         80   sys_stackheap_outer.o
         2          0          0          0          0         68   use_no_semi.o
       804         16          0          0          0        272   daddsub_clz.o
        24          0          0          0          0         68   dcmpi.o
       688        140          0          0          0        208   ddiv.o
        90          4          0          0          0         92   dfixu.o
        84          0          0          0          0        136   dflt_clz.o
       120          4          0          0          0         92   dleqf.o
       340         12          0          0          0        104   dmul.o
       156          4          0          0          0         92   dnaninf.o
        12          0          0          0          0         68   dretinf.o
       108          0          0          0          0         80   drleqf.o
         0          0          0          0          0          0   usenofp.o

    ----------------------------------------------------------------------
      2766        196          0          0        100       1788   Library Totals
        10          0          0          0          4          0   (incl. Padding)

    ----------------------------------------------------------------------

      Code (inc. data)   RO Data    RW Data    ZI Data      Debug   Library Name

       330         16          0          0         96        576   c_w.l
      2426        180          0          0          0       1212   fz_ws.l

    ----------------------------------------------------------------------
      2766        196          0          0        100       1788   Library Totals

    ----------------------------------------------------------------------

==============================================================================


      Code (inc. data)   RO Data    RW Data    ZI Data      Debug   

     15852        778       2408       1172       2660     329876   Grand Totals
     15852        778       2408        476       2660     329876   ELF Image Totals (compressed)
     15852        778       2408        476          0          0   ROM Totals

==============================================================================

    Total RO  Size (Code + RO Data)                18260 (  17.83kB)
    Total RW  Size (RW Data + ZI Data)              3832 (   3.74kB)
    Total ROM Size (Code + RO Data + RW Data)      18736 (  18.30kB)

==============================================================================

